Archive member included to satisfy reference by file (symbol)

C:/PROGRA~2/ARMGNU~1/133167~1.3RE/bin/../lib/gcc/arm-none-eabi/13.3.1/thumb/v6-m/nofp\libgcc.a(_dvmd_tls.o)
                              CMakeFiles/blink.dir/C_/pico/pico-sdk/src/rp2_common/pico_divider/divider_hardware.S.obj (__aeabi_idiv0)
C:/PROGRA~2/ARMGNU~1/133167~1.3RE/bin/../lib/gcc/arm-none-eabi/13.3.1/thumb/v6-m/nofp\libg.a(libc_a-calloc.o)
                              CMakeFiles/blink.dir/C_/pico/pico-sdk/src/rp2_common/pico_malloc/malloc.c.obj (calloc)
C:/PROGRA~2/ARMGNU~1/133167~1.3RE/bin/../lib/gcc/arm-none-eabi/13.3.1/thumb/v6-m/nofp\libg.a(libc_a-callocr.o)
                              C:/PROGRA~2/ARMGNU~1/133167~1.3RE/bin/../lib/gcc/arm-none-eabi/13.3.1/thumb/v6-m/nofp\libg.a(libc_a-calloc.o) (_calloc_r)
C:/PROGRA~2/ARMGNU~1/133167~1.3RE/bin/../lib/gcc/arm-none-eabi/13.3.1/thumb/v6-m/nofp\libg.a(libc_a-malloc.o)
                              CMakeFiles/blink.dir/C_/pico/pico-sdk/src/rp2_common/pico_malloc/malloc.c.obj (malloc)
C:/PROGRA~2/ARMGNU~1/133167~1.3RE/bin/../lib/gcc/arm-none-eabi/13.3.1/thumb/v6-m/nofp\libg.a(libc_a-mallocr.o)
                              C:/PROGRA~2/ARMGNU~1/133167~1.3RE/bin/../lib/gcc/arm-none-eabi/13.3.1/thumb/v6-m/nofp\libg.a(libc_a-callocr.o) (_malloc_r)
C:/PROGRA~2/ARMGNU~1/133167~1.3RE/bin/../lib/gcc/arm-none-eabi/13.3.1/thumb/v6-m/nofp\libg.a(libc_a-mlock.o)
                              C:/PROGRA~2/ARMGNU~1/133167~1.3RE/bin/../lib/gcc/arm-none-eabi/13.3.1/thumb/v6-m/nofp\libg.a(libc_a-mallocr.o) (__malloc_lock)
C:/PROGRA~2/ARMGNU~1/133167~1.3RE/bin/../lib/gcc/arm-none-eabi/13.3.1/thumb/v6-m/nofp\libg.a(libc_a-realloc.o)
                              CMakeFiles/blink.dir/C_/pico/pico-sdk/src/rp2_common/pico_malloc/malloc.c.obj (realloc)
C:/PROGRA~2/ARMGNU~1/133167~1.3RE/bin/../lib/gcc/arm-none-eabi/13.3.1/thumb/v6-m/nofp\libg.a(libc_a-reallocr.o)
                              C:/PROGRA~2/ARMGNU~1/133167~1.3RE/bin/../lib/gcc/arm-none-eabi/13.3.1/thumb/v6-m/nofp\libg.a(libc_a-realloc.o) (_realloc_r)
C:/PROGRA~2/ARMGNU~1/133167~1.3RE/bin/../lib/gcc/arm-none-eabi/13.3.1/thumb/v6-m/nofp\libg.a(libc_a-memcmp.o)
                              CMakeFiles/blink.dir/C_/pico/pico-sdk/src/rp2_common/pico_atomic/atomic.c.obj (memcmp)
C:/PROGRA~2/ARMGNU~1/133167~1.3RE/bin/../lib/gcc/arm-none-eabi/13.3.1/thumb/v6-m/nofp\libg.a(libc_a-memmove.o)
                              C:/PROGRA~2/ARMGNU~1/133167~1.3RE/bin/../lib/gcc/arm-none-eabi/13.3.1/thumb/v6-m/nofp\libg.a(libc_a-reallocr.o) (memmove)
C:/PROGRA~2/ARMGNU~1/133167~1.3RE/bin/../lib/gcc/arm-none-eabi/13.3.1/thumb/v6-m/nofp\libg.a(libc_a-strstr.o)
                              CMakeFiles/blink.dir/lora_communication.c.obj (strstr)
C:/PROGRA~2/ARMGNU~1/133167~1.3RE/bin/../lib/gcc/arm-none-eabi/13.3.1/thumb/v6-m/nofp\libg.a(libc_a-lcltime_r.o)
                              CMakeFiles/blink.dir/C_/pico/pico-sdk/src/common/pico_util/datetime.c.obj (localtime_r)
C:/PROGRA~2/ARMGNU~1/133167~1.3RE/bin/../lib/gcc/arm-none-eabi/13.3.1/thumb/v6-m/nofp\libg.a(libc_a-mktime.o)
                              CMakeFiles/blink.dir/C_/pico/pico-sdk/src/common/pico_util/datetime.c.obj (mktime)
C:/PROGRA~2/ARMGNU~1/133167~1.3RE/bin/../lib/gcc/arm-none-eabi/13.3.1/thumb/v6-m/nofp\libg.a(libc_a-month_lengths.o)
                              C:/PROGRA~2/ARMGNU~1/133167~1.3RE/bin/../lib/gcc/arm-none-eabi/13.3.1/thumb/v6-m/nofp\libg.a(libc_a-lcltime_r.o) (__month_lengths)
C:/PROGRA~2/ARMGNU~1/133167~1.3RE/bin/../lib/gcc/arm-none-eabi/13.3.1/thumb/v6-m/nofp\libg.a(libc_a-tzcalc_limits.o)
                              C:/PROGRA~2/ARMGNU~1/133167~1.3RE/bin/../lib/gcc/arm-none-eabi/13.3.1/thumb/v6-m/nofp\libg.a(libc_a-lcltime_r.o) (__tzcalc_limits)
C:/PROGRA~2/ARMGNU~1/133167~1.3RE/bin/../lib/gcc/arm-none-eabi/13.3.1/thumb/v6-m/nofp\libg.a(libc_a-tzlock.o)
                              C:/PROGRA~2/ARMGNU~1/133167~1.3RE/bin/../lib/gcc/arm-none-eabi/13.3.1/thumb/v6-m/nofp\libg.a(libc_a-lcltime_r.o) (__tz_lock)
C:/PROGRA~2/ARMGNU~1/133167~1.3RE/bin/../lib/gcc/arm-none-eabi/13.3.1/thumb/v6-m/nofp\libg.a(libc_a-tzset.o)
                              C:/PROGRA~2/ARMGNU~1/133167~1.3RE/bin/../lib/gcc/arm-none-eabi/13.3.1/thumb/v6-m/nofp\libg.a(libc_a-lcltime_r.o) (_tzset_unlocked)
C:/PROGRA~2/ARMGNU~1/133167~1.3RE/bin/../lib/gcc/arm-none-eabi/13.3.1/thumb/v6-m/nofp\libg.a(libc_a-tzset_r.o)
                              C:/PROGRA~2/ARMGNU~1/133167~1.3RE/bin/../lib/gcc/arm-none-eabi/13.3.1/thumb/v6-m/nofp\libg.a(libc_a-tzset.o) (_tzset_unlocked_r)
C:/PROGRA~2/ARMGNU~1/133167~1.3RE/bin/../lib/gcc/arm-none-eabi/13.3.1/thumb/v6-m/nofp\libg.a(libc_a-tzvars.o)
                              C:/PROGRA~2/ARMGNU~1/133167~1.3RE/bin/../lib/gcc/arm-none-eabi/13.3.1/thumb/v6-m/nofp\libg.a(libc_a-tzset_r.o) (_timezone)
C:/PROGRA~2/ARMGNU~1/133167~1.3RE/bin/../lib/gcc/arm-none-eabi/13.3.1/thumb/v6-m/nofp\libg.a(libc_a-impure.o)
[...]
Memory Configuration

Name             Origin             Length             Attributes
FLASH            0x10000000         0x00200000         xr
RAM              0x20000000         0x00040000         xrw
SCRATCH_X        0x20040000         0x00001000         xrw
SCRATCH_Y        0x20041000         0x00001000         xrw
*default*        0x00000000         0xffffffff

Linker script and memory map

LOAD C:/PROGRA~2/ARMGNU~1/133167~1.3RE/bin/../lib/gcc/arm-none-eabi/13.3.1/thumb/v6-m/nofp/crti.o
LOAD C:/PROGRA~2/ARMGNU~1/133167~1.3RE/bin/../lib/gcc/arm-none-eabi/13.3.1/thumb/v6-m/nofp/crtbegin.o
LOAD C:/PROGRA~2/ARMGNU~1/133167~1.3RE/bin/../lib/gcc/arm-none-eabi/13.3.1/thumb/v6-m/nofp/crt0.o

.flash_begin    0x10000000        0x0
                0x10000000                        __flash_binary_start = .

.boot2          0x10000000      0x100
                0x10000000                        __boot2_start__ = .
 *(.boot2)
 .boot2         0x10000000      0x100 pico-sdk/src/rp2040/boot_stage2/CMakeFiles/bs2_default_library.dir/./bs2_default_padded_checksummed.S.obj
                0x10000100                        __boot2_end__ = .
                0x00000001                        ASSERT (((__boot2_end__ - __boot2_start__) == 0x100), ERROR: Pico second stage bootloader must be 256 bytes in size)

.text           0x10000100     0x5468
                0x10000100                        __logical_binary_start = .
 *(.vectors)
 .vectors       0x10000100       0xd4 CMakeFiles/blink.dir/C_/pico/pico-sdk/src/rp2_common/pico_crt0/crt0.S.obj
                0x10000100                __VECTOR_TABLE
                0x10000100                __vectors
                0x100001c0                isr_irq13
                0x100001c0                isr_irq27
                0x100001c0                isr_irq31
                0x100001c0                isr_irq12
                0x100001c0                isr_irq5
                0x100001c0                isr_irq11
                0x100001c0                isr_irq3
                0x100001c0                isr_irq23
                0x100001c0                __unhandled_user_irq
                0x100001c0                isr_irq26
                0x100001c0                isr_irq28
                0x100001c0                isr_irq19
                0x100001c0                isr_irq0
                0x100001c0                isr_irq6
                0x100001c0                isr_irq29
                0x100001c0                isr_irq16
                0x100001c0                isr_irq22
                0x100001c0                isr_irq18
                0x100001c0                isr_irq17
                0x100001c0                isr_irq14
                0x100001c0                __vectors_end
                0x100001c0                __default_isrs_start
                0x100001c0                isr_irq2
                0x100001c0                isr_irq10
                0x100001c0                isr_irq8
                0x100001c0                isr_irq24
                0x100001c0                isr_irq1
                0x100001c0                isr_irq7
                0x100001c0                isr_irq21
                0x100001c0                isr_irq20
                0x100001c0                isr_irq15
                0x100001c0                isr_irq25
                0x100001c0                isr_irq4
                0x100001c0                isr_irq30
                0x100001c0                isr_irq9
                0x100001c6                unhandled_user_irq_num_in_r0
                0x100001c8                isr_invalid
                0x100001ca                isr_nmi
                0x100001cc                isr_hardfault
                0x100001ce                isr_svcall
                0x100001d0                isr_pendsv
                0x100001d2                isr_systick
                0x100001d4                __default_isrs_end
 *(.binary_info_header)
 .binary_info_header
                0x100001d4       0x14 CMakeFiles/blink.dir/C_/pico/pico-sdk/src/rp2_common/pico_crt0/crt0.S.obj
                0x100001e8                        __binary_info_header_end = .
 *(.embedded_block)
                0x100001e8                        __embedded_block_end = .
 *(.reset)
 .reset         0x100001e8       0x9c CMakeFiles/blink.dir/C_/pico/pico-sdk/src/rp2_common/pico_crt0/crt0.S.obj
                0x100001e8                _entry_point
 *(.init)
 .init          0x10000284        0x4 C:/PROGRA~2/ARMGNU~1/133167~1.3RE/bin/../lib/gcc/arm-none-eabi/13.3.1/thumb/v6-m/nofp/crti.o
                0x10000284                _init
 *(EXCLUDE_FILE(*libm.a: *libc.a:*lib_a-mem*.o *libgcc.a:) .text*)
 .text.register_tm_clones
                0x10000288       0x28 C:/PROGRA~2/ARMGNU~1/133167~1.3RE/bin/../lib/gcc/arm-none-eabi/13.3.1/thumb/v6-m/nofp/crtbegin.o
 .text.frame_dummy
                0x100002b0       0x24 C:/PROGRA~2/ARMGNU~1/133167~1.3RE/bin/../lib/gcc/arm-none-eabi/13.3.1/thumb/v6-m/nofp/crtbegin.o
 .text.main     0x100002d4      0x274 CMakeFiles/blink.dir/main.c.obj
                0x100002d4                main
 .text.gpio_set_mode
                0x10000548       0x60 CMakeFiles/blink.dir/buttons_calibrations.c.obj
                0x10000548                gpio_set_mode
 .text.run_stepper_helper
                0x100005a8       0x6e CMakeFiles/blink.dir/buttons_calibrations.c.obj
                0x100005a8                run_stepper_helper
 .text.calib    0x10000616       0xc2 CMakeFiles/blink.dir/buttons_calibrations.c.obj
                0x10000616                calib
 .text.run_motor_n_revolution
                0x100006d8       0x64 CMakeFiles/blink.dir/buttons_calibrations.c.obj
                0x100006d8                run_motor_n_revolution
 .text.uart_putc
                0x1000073c       0x60 CMakeFiles/blink.dir/lora_communication.c.obj
 .text.uart_puts
                0x1000079c       0x4a CMakeFiles/blink.dir/lora_communication.c.obj
 .text.uart_getc
                0x100007e6       0x24 CMakeFiles/blink.dir/lora_communication.c.obj
 *fill*         0x1000080a        0x2 
 .text.check_response
                0x1000080c       0x24 CMakeFiles/blink.dir/lora_communication.c.obj
                0x1000080c                check_response
 .text.check_join
                0x10000830       0xa8 CMakeFiles/blink.dir/lora_communication.c.obj
                0x10000830                check_join
 .text.send_lora_command
                0x100008d8       0x94 CMakeFiles/blink.dir/lora_communication.c.obj
                0x100008d8                send_lora_command
 .text.connect_lora
                0x1000096c       0xcc CMakeFiles/blink.dir/lora_communication.c.obj
                0x1000096c                connect_lora
 .text.send_message
                0x10000a38       0x38 CMakeFiles/blink.dir/lora_communication.c.obj
                0x10000a38                send_message
 .text.queue_init
                0x10000a70       0x1a CMakeFiles/blink.dir/queue_funct.c.obj
 *fill*         0x10000a8a        0x2 
 .text.init_event
                0x10000a8c       0x14 CMakeFiles/blink.dir/queue_funct.c.obj
                0x10000a8c                init_event
 .text.get_event
                0x10000aa0       0x14 CMakeFiles/blink.dir/queue_funct.c.obj
                0x10000aa0                get_event
 .text.gpio_handler
                0x10000ab4       0x34 CMakeFiles/blink.dir/queue_funct.c.obj
                0x10000ab4                gpio_handler
 .text.empty_gue
                0x10000ae8       0x14 CMakeFiles/blink.dir/queue_funct.c.obj
                0x10000ae8                empty_gue
 .text.gpio_default_irq_handler
                0x10000afc       0xa8 CMakeFiles/blink.dir/C_/pico/pico-sdk/src/rp2_common/hardware_gpio/gpio.c.obj
 .text._gpio_set_irq_enabled
                0x10000ba4       0x3c CMakeFiles/blink.dir/C_/pico/pico-sdk/src/rp2_common/hardware_gpio/gpio.c.obj
 .text.gpio_set_function
                0x10000be0       0x34 CMakeFiles/blink.dir/C_/pico/pico-sdk/src/rp2_common/hardware_gpio/gpio.c.obj
                0x10000be0                gpio_set_function
 .text.gpio_set_pulls
                0x10000c14       0x38 CMakeFiles/blink.dir/C_/pico/pico-sdk/src/rp2_common/hardware_gpio/gpio.c.obj
                0x10000c14                gpio_set_pulls
 .text.gpio_set_irq_enabled
                0x10000c4c       0x50 CMakeFiles/blink.dir/C_/pico/pico-sdk/src/rp2_common/hardware_gpio/gpio.c.obj
                0x10000c4c                gpio_set_irq_enabled
 .text.gpio_set_irq_callback
                0x10000c9c       0x48 CMakeFiles/blink.dir/C_/pico/pico-sdk/src/rp2_common/hardware_gpio/gpio.c.obj
                0x10000c9c                gpio_set_irq_callback
 .text.gpio_set_irq_enabled_with_callback
                0x10000ce4       0x28 CMakeFiles/blink.dir/C_/pico/pico-sdk/src/rp2_common/hardware_gpio/gpio.c.obj
                0x10000ce4                gpio_set_irq_enabled_with_callback
 .text.gpio_init
                0x10000d0c       0x16 CMakeFiles/blink.dir/C_/pico/pico-sdk/src/rp2_common/hardware_gpio/gpio.c.obj
                0x10000d0c                gpio_init
 *fill*         0x10000d22        0x2 
 .text.panic    0x10000d24       0x30 CMakeFiles/blink.dir/C_/pico/pico-sdk/src/rp2_common/pico_platform_panic/panic.c.obj
                0x10000d24                panic
 .text.hw_claim_lock
                0x10000d54       0x18 CMakeFiles/blink.dir/C_/pico/pico-sdk/src/common/hardware_claim/claim.c.obj
                0x10000d54                hw_claim_lock
 .text.hw_claim_unlock
                0x10000d6c       0x14 CMakeFiles/blink.dir/C_/pico/pico-sdk/src/common/hardware_claim/claim.c.obj
                0x10000d6c                hw_claim_unlock
 .text.hw_claim_or_assert
                0x10000d80       0x32 CMakeFiles/blink.dir/C_/pico/pico-sdk/src/common/hardware_claim/claim.c.obj
                0x10000d80                hw_claim_or_assert
 *fill*         0x10000db2        0x2 
 .text.next_striped_spin_lock_num
                0x10000db4       0x1c CMakeFiles/blink.dir/C_/pico/pico-sdk/src/rp2_common/hardware_sync/sync.c.obj
                0x10000db4                next_striped_spin_lock_num
 .text.spin_locks_reset
                0x10000dd0       0x20 CMakeFiles/blink.dir/C_/pico/pico-sdk/src/rp2_common/hardware_sync_spin_lock/sync_spin_lock.c.obj
                0x10000dd0                spin_locks_reset
 .text.set_raw_irq_handler_and_unlock
                0x10000df0       0x28 CMakeFiles/blink.dir/C_/pico/pico-sdk/src/rp2_common/hardware_irq/irq.c.obj
 .text.nvic_ipr0
                0x10000e18        0x8 CMakeFiles/blink.dir/C_/pico/pico-sdk/src/rp2_common/hardware_irq/irq.c.obj
 .text.runtime_init_per_core_irq_priorities
                0x10000e20       0x1c CMakeFiles/blink.dir/C_/pico/pico-sdk/src/rp2_common/hardware_irq/irq.c.obj
                0x10000e20                runtime_init_per_core_irq_priorities
 .text.resolve_j_16
                0x10000e3c       0x30 CMakeFiles/blink.dir/C_/pico/pico-sdk/src/rp2_common/hardware_irq/irq.c.obj
 .text.make_j_16
                0x10000e6c       0x48 CMakeFiles/blink.dir/C_/pico/pico-sdk/src/rp2_common/hardware_irq/irq.c.obj
 .text.insert_bl_32
                0x10000eb4       0x40 CMakeFiles/blink.dir/C_/pico/pico-sdk/src/rp2_common/hardware_irq/irq.c.obj
 .text.irq_is_enabled
                0x10000ef4       0x18 CMakeFiles/blink.dir/C_/pico/pico-sdk/src/rp2_common/hardware_irq/irq.c.obj
                0x10000ef4                irq_is_enabled
 .text.irq_set_mask_n_enabled
                0x10000f0c       0x1c CMakeFiles/blink.dir/C_/pico/pico-sdk/src/rp2_common/hardware_irq/irq.c.obj
                0x10000f0c                irq_set_mask_n_enabled
 .text.irq_set_enabled
                0x10000f28       0x14 CMakeFiles/blink.dir/C_/pico/pico-sdk/src/rp2_common/hardware_irq/irq.c.obj
                0x10000f28                irq_set_enabled
 .text.irq_get_vtable_handler
                0x10000f3c       0x10 CMakeFiles/blink.dir/C_/pico/pico-sdk/src/rp2_common/hardware_irq/irq.c.obj
                0x10000f3c                irq_get_vtable_handler
 .text.irq_has_handler
                0x10000f4c       0x20 CMakeFiles/blink.dir/C_/pico/pico-sdk/src/rp2_common/hardware_irq/irq.c.obj
                0x10000f4c                irq_has_handler
 .text.irq_set_exclusive_handler
                0x10000f6c       0x54 CMakeFiles/blink.dir/C_/pico/pico-sdk/src/rp2_common/hardware_irq/irq.c.obj
                0x10000f6c                irq_set_exclusive_handler
 .text.irq_add_shared_handler
                0x10000fc0      0x218 CMakeFiles/blink.dir/C_/pico/pico-sdk/src/rp2_common/hardware_irq/irq.c.obj
                0x10000fc0                irq_add_shared_handler
 .text.irq_remove_handler
                0x100011d8      0x18c CMakeFiles/blink.dir/C_/pico/pico-sdk/src/rp2_common/hardware_irq/irq.c.obj
                0x100011d8                irq_remove_handler
 .text.irq_add_tail_to_free_list
                0x10001364       0xf4 CMakeFiles/blink.dir/C_/pico/pico-sdk/src/rp2_common/hardware_irq/irq.c.obj
                0x10001364                irq_add_tail_to_free_list
 .text.lock_init
                0x10001458       0x10 CMakeFiles/blink.dir/C_/pico/pico-sdk/src/common/pico_sync/lock_core.c.obj
                0x10001458                lock_init
 .text.mutex_init
                0x10001468       0x1a CMakeFiles/blink.dir/C_/pico/pico-sdk/src/common/pico_sync/mutex.c.obj
                0x10001468                mutex_init
 .text.recursive_mutex_init
                0x10001482       0x1e CMakeFiles/blink.dir/C_/pico/pico-sdk/src/common/pico_sync/mutex.c.obj
                0x10001482                recursive_mutex_init
 .text.runtime_init_mutex
                0x100014a0       0x4c CMakeFiles/blink.dir/C_/pico/pico-sdk/src/common/pico_sync/mutex.c.obj
                0x100014a0                runtime_init_mutex
 .text.ta_set_timeout
                0x100014ec       0x24 CMakeFiles/blink.dir/C_/pico/pico-sdk/src/common/pico_time/time.c.obj
 .text.make_alarm_id
                0x10001510        0x6 CMakeFiles/blink.dir/C_/pico/pico-sdk/src/common/pico_time/time.c.obj
 *fill*         0x10001516        0x2 
 .text.sleep_until_callback
                0x10001518       0x30 CMakeFiles/blink.dir/C_/pico/pico-sdk/src/common/pico_time/time.c.obj
 .text.alarm_pool_irq_handler
                0x10001548      0x2e8 CMakeFiles/blink.dir/C_/pico/pico-sdk/src/common/pico_time/time.c.obj
 .text.ta_enable_irq_handler
                0x10001830       0x2c CMakeFiles/blink.dir/C_/pico/pico-sdk/src/common/pico_time/time.c.obj
 .text.alarm_pool_post_alloc_init
                0x1000185c       0x78 CMakeFiles/blink.dir/C_/pico/pico-sdk/src/common/pico_time/time.c.obj
 .text.alarm_pool_get_default
                0x100018d4       0x2c CMakeFiles/blink.dir/C_/pico/pico-sdk/src/common/pico_time/time.c.obj
                0x100018d4                alarm_pool_get_default
 .text.alarm_pool_add_alarm_at_force_in_context
                0x10001900       0xa4 CMakeFiles/blink.dir/C_/pico/pico-sdk/src/common/pico_time/time.c.obj
                0x10001900                alarm_pool_add_alarm_at_force_in_context
 .text.alarm_pool_add_alarm_at
                0x100019a4       0x3c CMakeFiles/blink.dir/C_/pico/pico-sdk/src/common/pico_time/time.c.obj
                0x100019a4                alarm_pool_add_alarm_at
 .text.add_alarm_at
                0x100019e0       0x2e CMakeFiles/blink.dir/C_/pico/pico-sdk/src/common/pico_time/time.c.obj
 *fill*         0x10001a0e        0x2 
 .text.alarm_pool_cancel_alarm
                0x10001a10       0x78 CMakeFiles/blink.dir/C_/pico/pico-sdk/src/common/pico_time/time.c.obj
                0x10001a10                alarm_pool_cancel_alarm
 .text.cancel_alarm
                0x10001a88       0x10 CMakeFiles/blink.dir/C_/pico/pico-sdk/src/common/pico_time/time.c.obj
 .text.sleep_until
                0x10001a98       0xc0 CMakeFiles/blink.dir/C_/pico/pico-sdk/src/common/pico_time/time.c.obj
                0x10001a98                sleep_until
 .text.sleep_us
                0x10001b58       0x24 CMakeFiles/blink.dir/C_/pico/pico-sdk/src/common/pico_time/time.c.obj
                0x10001b58                sleep_us
 .text.sleep_ms
                0x10001b7c       0x14 CMakeFiles/blink.dir/C_/pico/pico-sdk/src/common/pico_time/time.c.obj
                0x10001b7c                sleep_ms
 .text.best_effort_wfe_or_timeout
                0x10001b90      0x12c CMakeFiles/blink.dir/C_/pico/pico-sdk/src/common/pico_time/time.c.obj
                0x10001b90                best_effort_wfe_or_timeout
 .text.alarm_pool_get_default_timer
                0x10001cbc        0x8 CMakeFiles/blink.dir/C_/pico/pico-sdk/src/common/pico_time/time.c.obj
                0x10001cbc                alarm_pool_get_default_timer
 .text.runtime_init_default_alarm_pool
                0x10001cc4       0x38 CMakeFiles/blink.dir/C_/pico/pico-sdk/src/common/pico_time/time.c.obj
                0x10001cc4                runtime_init_default_alarm_pool
 .text.timer_hardware_alarm_claim
                0x10001cfc       0x14 CMakeFiles/blink.dir/C_/pico/pico-sdk/src/rp2_common/hardware_timer/timer.c.obj
                0x10001cfc                timer_hardware_alarm_claim
 .text.timer_time_us_64
                0x10001d10       0x10 CMakeFiles/blink.dir/C_/pico/pico-sdk/src/rp2_common/hardware_timer/timer.c.obj
                0x10001d10                timer_time_us_64
 .text.timer_busy_wait_until
                0x10001d20       0x1a CMakeFiles/blink.dir/C_/pico/pico-sdk/src/rp2_common/hardware_timer/timer.c.obj
                0x10001d20                timer_busy_wait_until
 .text.timer_busy_wait_us
                0x10001d3a       0x38 CMakeFiles/blink.dir/C_/pico/pico-sdk/src/rp2_common/hardware_timer/timer.c.obj
                0x10001d3a                timer_busy_wait_us
 *fill*         0x10001d72        0x2 
 .text.time_us_64
                0x10001d74       0x10 CMakeFiles/blink.dir/C_/pico/pico-sdk/src/rp2_common/hardware_timer/timer.c.obj
                0x10001d74                time_us_64
 .text.busy_wait_us
                0x10001d84       0x14 CMakeFiles/blink.dir/C_/pico/pico-sdk/src/rp2_common/hardware_timer/timer.c.obj
                0x10001d84                busy_wait_us
 .text.busy_wait_until
                0x10001d98       0x14 CMakeFiles/blink.dir/C_/pico/pico-sdk/src/rp2_common/hardware_timer/timer.c.obj
                0x10001d98                busy_wait_until
 .text.element_ptr
                0x10001dac       0x2c CMakeFiles/blink.dir/C_/pico/pico-sdk/src/common/pico_util/queue.c.obj
 .text.queue_add_internal
                0x10001dd8       0x88 CMakeFiles/blink.dir/C_/pico/pico-sdk/src/common/pico_util/queue.c.obj
 .text.queue_remove_internal
                0x10001e60       0x8c CMakeFiles/blink.dir/C_/pico/pico-sdk/src/common/pico_util/queue.c.obj
 .text.queue_init_with_spinlock
                0x10001eec       0x24 CMakeFiles/blink.dir/C_/pico/pico-sdk/src/common/pico_util/queue.c.obj
                0x10001eec                queue_init_with_spinlock
 .text.queue_try_add
                0x10001f10        0xa CMakeFiles/blink.dir/C_/pico/pico-sdk/src/common/pico_util/queue.c.obj
                0x10001f10                queue_try_add
 .text.queue_try_remove
                0x10001f1a        0xa CMakeFiles/blink.dir/C_/pico/pico-sdk/src/common/pico_util/queue.c.obj
                0x10001f1a                queue_try_remove
 .text.uart_unreset
                0x10001f24       0x2c CMakeFiles/blink.dir/C_/pico/pico-sdk/src/rp2_common/hardware_uart/uart.c.obj
 .text.uart_disable_before_lcr_write
                0x10001f50       0x48 CMakeFiles/blink.dir/C_/pico/pico-sdk/src/rp2_common/hardware_uart/uart.c.obj
 .text.uart_write_lcr_bits_masked
                0x10001f98       0x20 CMakeFiles/blink.dir/C_/pico/pico-sdk/src/rp2_common/hardware_uart/uart.c.obj
 .text.uart_set_baudrate
                0x10001fb8       0x5c CMakeFiles/blink.dir/C_/pico/pico-sdk/src/rp2_common/hardware_uart/uart.c.obj
                0x10001fb8                uart_set_baudrate
 .text.uart_set_translate_crlf
                0x10002014       0x28 CMakeFiles/blink.dir/C_/pico/pico-sdk/src/rp2_common/hardware_uart/uart.c.obj
                0x10002014                uart_set_translate_crlf
 .text.uart_init
                0x1000203c       0x64 CMakeFiles/blink.dir/C_/pico/pico-sdk/src/rp2_common/hardware_uart/uart.c.obj
                0x1000203c                uart_init
 .text.clock_configure_internal
                0x100020a0       0xc4 CMakeFiles/blink.dir/C_/pico/pico-sdk/src/rp2_common/hardware_clocks/clocks.c.obj
 .text.clock_configure_int_divider
                0x10002164       0x28 CMakeFiles/blink.dir/C_/pico/pico-sdk/src/rp2_common/hardware_clocks/clocks.c.obj
                0x10002164                clock_configure_int_divider
 .text.clock_configure_undivided
                0x1000218c       0x12 CMakeFiles/blink.dir/C_/pico/pico-sdk/src/rp2_common/hardware_clocks/clocks.c.obj
                0x1000218c                clock_configure_undivided
 *fill*         0x1000219e        0x2 
 .text.clock_get_hz
                0x100021a0        0xc CMakeFiles/blink.dir/C_/pico/pico-sdk/src/rp2_common/hardware_clocks/clocks.c.obj
                0x100021a0                clock_get_hz
 .text.pll_init
                0x100021ac      0x124 CMakeFiles/blink.dir/C_/pico/pico-sdk/src/rp2_common/hardware_pll/pll.c.obj
                0x100021ac                pll_init
 .text.tick_start
                0x100022d0       0x10 CMakeFiles/blink.dir/C_/pico/pico-sdk/src/rp2_common/hardware_ticks/ticks.c.obj
                0x100022d0                tick_start
 .text.rom_func_lookup
                0x100022e0       0x10 CMakeFiles/blink.dir/C_/pico/pico-sdk/src/rp2_common/pico_bootrom/bootrom.c.obj
                0x100022e0                rom_func_lookup
 .text.rom_data_lookup
                0x100022f0       0x10 CMakeFiles/blink.dir/C_/pico/pico-sdk/src/rp2_common/pico_bootrom/bootrom.c.obj
                0x100022f0                rom_data_lookup
 .text.rom_funcs_lookup
                0x10002300       0x36 CMakeFiles/blink.dir/C_/pico/pico-sdk/src/rp2_common/pico_bootrom/bootrom.c.obj
                0x10002300                rom_funcs_lookup
 *fill*         0x10002336        0x2 
 .text.xosc_init
                0x10002338       0x2c CMakeFiles/blink.dir/C_/pico/pico-sdk/src/rp2_common/hardware_xosc/xosc.c.obj
                0x10002338                xosc_init
 .text.runtime_run_initializers_from
                0x10002364       0x18 CMakeFiles/blink.dir/C_/pico/pico-sdk/src/rp2_common/pico_runtime/runtime.c.obj
 .text.first_per_core_initializer
                0x1000237c        0x2 CMakeFiles/blink.dir/C_/pico/pico-sdk/src/rp2_common/pico_runtime/runtime.c.obj
 *fill*         0x1000237e        0x2 
 .text.runtime_run_initializers
                0x10002380       0x10 CMakeFiles/blink.dir/C_/pico/pico-sdk/src/rp2_common/pico_runtime/runtime.c.obj
                0x10002380                runtime_run_initializers
 .text.runtime_init_early_resets
                0x10002390       0x2c CMakeFiles/blink.dir/C_/pico/pico-sdk/src/rp2_common/pico_runtime_init/runtime_init.c.obj
                0x10002390                runtime_init_early_resets
 .text.runtime_init_usb_power_down
                0x100023bc       0x1c CMakeFiles/blink.dir/C_/pico/pico-sdk/src/rp2_common/pico_runtime_init/runtime_init.c.obj
                0x100023bc                runtime_init_usb_power_down
 .text.runtime_init_post_clock_resets
                0x100023d8       0x20 CMakeFiles/blink.dir/C_/pico/pico-sdk/src/rp2_common/pico_runtime_init/runtime_init.c.obj
                0x100023d8                runtime_init_post_clock_resets
 .text.runtime_init_rp2040_gpio_ie_disable
                0x100023f8       0x14 CMakeFiles/blink.dir/C_/pico/pico-sdk/src/rp2_common/pico_runtime_init/runtime_init.c.obj
                0x100023f8                runtime_init_rp2040_gpio_ie_disable
 .text.runtime_init_spin_locks_reset
                0x1000240c        0x8 CMakeFiles/blink.dir/C_/pico/pico-sdk/src/rp2_common/pico_runtime_init/runtime_init.c.obj
                0x1000240c                runtime_init_spin_locks_reset
 .text.runtime_init_install_ram_vector_table
                0x10002414       0x48 CMakeFiles/blink.dir/C_/pico/pico-sdk/src/rp2_common/pico_runtime_init/runtime_init.c.obj
                0x10002414                runtime_init_install_ram_vector_table
 .text.start_all_ticks
                0x1000245c       0x28 CMakeFiles/blink.dir/C_/pico/pico-sdk/src/rp2_common/pico_runtime_init/runtime_init_clocks.c.obj
 .text.runtime_init_clocks
                0x10002484       0xcc CMakeFiles/blink.dir/C_/pico/pico-sdk/src/rp2_common/pico_runtime_init/runtime_init_clocks.c.obj
                0x10002484                runtime_init_clocks
 .text          0x10002550       0x10 CMakeFiles/blink.dir/C_/pico/pico-sdk/src/rp2_common/pico_bit_ops/bit_ops_aeabi.S.obj
 .text.__wrap___aeabi_idiv
                0x10002560       0x50 CMakeFiles/blink.dir/C_/pico/pico-sdk/src/rp2_common/pico_divider/divider_hardware.S.obj
                0x10002560                __wrap___aeabi_idivmod
                0x10002560                divmod_s32s32
                0x10002560                div_s32s32
                0x10002560                __wrap___aeabi_idiv
                0x10002568                divmod_s32s32_unsafe
                0x10002594                divmod_s32s32_savestate
 .text.__wrap___aeabi_uidiv
                0x100025b0       0x4c CMakeFiles/blink.dir/C_/pico/pico-sdk/src/rp2_common/pico_divider/divider_hardware.S.obj
                0x100025b0                __wrap___aeabi_uidiv
                0x100025b0                __wrap___aeabi_uidivmod
                0x100025b0                div_u32u32
                0x100025b0                divmod_u32u32
                0x100025b8                divmod_u32u32_unsafe
                0x100025e0                divmod_u32u32_savestate
 .text.__wrap___aeabi_ldiv
                0x100025fc      0x424 CMakeFiles/blink.dir/C_/pico/pico-sdk/src/rp2_common/pico_divider/divider_hardware.S.obj
                0x100025fc                div_s64s64
                0x100025fc                divmod_s64s64
                0x100025fc                __wrap___aeabi_ldivmod
                0x1000262c                divmod_u64u64
                0x1000262c                div_u64u64
                0x1000262c                __wrap___aeabi_uldivmod
                0x1000263c                divmod_u64u64_savestate
                0x1000265c                divmod_s64s64_unsafe
                0x100026e4                divmod_u64u64_unsafe
 .text.__wrap___aeabi_darithmetic
                0x10002a20       0x60 CMakeFiles/blink.dir/C_/pico/pico-sdk/src/rp2_common/pico_double/double_aeabi_rp2040.S.obj
                0x10002a20                __wrap___aeabi_drsub
                0x10002a26                __wrap___aeabi_dsub
                0x10002a30                __wrap___aeabi_dadd
                0x10002a3a                __wrap___aeabi_ddiv
                0x10002a6e                __wrap___aeabi_dmul
 .text.__wrap___aeabi_cdcmple
                0x10002a80       0x6c CMakeFiles/blink.dir/C_/pico/pico-sdk/src/rp2_common/pico_double/double_aeabi_rp2040.S.obj
                0x10002a80                __wrap___aeabi_cdrcmple
                0x10002a90                __wrap___aeabi_cdcmpeq
                0x10002a90                __wrap___aeabi_cdcmple
 .text.__wrap___aeabi_dcmplt
                0x10002aec        0xc CMakeFiles/blink.dir/C_/pico/pico-sdk/src/rp2_common/pico_double/double_aeabi_rp2040.S.obj
                0x10002aec                __wrap___aeabi_dcmplt
 .text.__wrap___aeabi_dcmple
                0x10002af8       0x10 CMakeFiles/blink.dir/C_/pico/pico-sdk/src/rp2_common/pico_double/double_aeabi_rp2040.S.obj
                0x10002af8                __wrap___aeabi_dcmple
 .text.__wrap___aeabi_dcmpge
                0x10002b08       0x10 CMakeFiles/blink.dir/C_/pico/pico-sdk/src/rp2_common/pico_double/double_aeabi_rp2040.S.obj
                0x10002b08                __wrap___aeabi_dcmpge
 .text.__wrap___aeabi_dcmpgt
                0x10002b18        0xa CMakeFiles/blink.dir/C_/pico/pico-sdk/src/rp2_common/pico_double/double_aeabi_rp2040.S.obj
                0x10002b18                __wrap___aeabi_dcmpgt
 .text.__wrap___aeabi_dcmpun
                0x10002b22       0x18 CMakeFiles/blink.dir/C_/pico/pico-sdk/src/rp2_common/pico_double/double_aeabi_rp2040.S.obj
                0x10002b22                __wrap___aeabi_dcmpun
 *fill*         0x10002b3a        0x2 
 .text.__wrap___aeabi_i2d
                0x10002b3c       0x38 CMakeFiles/blink.dir/C_/pico/pico-sdk/src/rp2_common/pico_double/double_aeabi_rp2040.S.obj
                0x10002b3c                uint2double
                0x10002b3c                __wrap___aeabi_ui2d
                0x10002b44                int2double
                0x10002b44                __wrap___aeabi_i2d
 .text.__wrap___aeabi_d2iz
                0x10002b74       0x48 CMakeFiles/blink.dir/C_/pico/pico-sdk/src/rp2_common/pico_double/double_aeabi_rp2040.S.obj
                0x10002b74                double2int_z
                0x10002b74                __wrap___aeabi_d2iz
 .text.__wrap___aeabi_d2uiz
                0x10002bbc       0x10 CMakeFiles/blink.dir/C_/pico/pico-sdk/src/rp2_common/pico_double/double_aeabi_rp2040.S.obj
                0x10002bbc                double2uint
                0x10002bbc                __wrap___aeabi_d2uiz
                0x10002bbc                double2uint_z
 .text.missing_double_func_shim
                0x10002bcc        0xc CMakeFiles/blink.dir/C_/pico/pico-sdk/src/rp2_common/pico_double/double_init_rom_rp2040.c.obj
 .text.__aeabi_double_init
                0x10002bd8       0xd0 CMakeFiles/blink.dir/C_/pico/pico-sdk/src/rp2_common/pico_double/double_init_rom_rp2040.c.obj
                0x10002bd8                __aeabi_double_init
 .text.double_table_shim_on_use_helper
                0x10002ca8       0x34 CMakeFiles/blink.dir/C_/pico/pico-sdk/src/rp2_common/pico_double/double_v1_rom_shim_rp2040.S.obj
                0x10002ca8                double_table_shim_on_use_helper
 .text.__aeabi_lmul
                0x10002cdc       0x32 CMakeFiles/blink.dir/C_/pico/pico-sdk/src/rp2_common/pico_int64_ops/pico_int64_ops_aeabi.S.obj
                0x10002cdc                __wrap___aeabi_lmul
 *fill*         0x10002d0e        0x2 
 .text.missing_float_func_shim
                0x10002d10        0xc CMakeFiles/blink.dir/C_/pico/pico-sdk/src/rp2_common/pico_float/float_init_rom_rp2040.c.obj
 .text.__aeabi_float_init
                0x10002d1c       0x88 CMakeFiles/blink.dir/C_/pico/pico-sdk/src/rp2_common/pico_float/float_init_rom_rp2040.c.obj
                0x10002d1c                __aeabi_float_init
 .text.check_alloc
                0x10002da4       0x20 CMakeFiles/blink.dir/C_/pico/pico-sdk/src/rp2_common/pico_malloc/malloc.c.obj
 .text.__wrap_calloc
                0x10002dc4       0x18 CMakeFiles/blink.dir/C_/pico/pico-sdk/src/rp2_common/pico_malloc/malloc.c.obj
                0x10002dc4                __wrap_calloc
 .text          0x10002ddc       0x10 CMakeFiles/blink.dir/C_/pico/pico-sdk/src/rp2_common/pico_mem_ops/mem_ops_aeabi.S.obj
                0x10002ddc                __aeabi_mem_init
 .text.memset   0x10002dec        0xc CMakeFiles/blink.dir/C_/pico/pico-sdk/src/rp2_common/pico_mem_ops/mem_ops_aeabi.S.obj
                0x10002dec                __wrap_memset
 .text.memcpy   0x10002df8        0xc CMakeFiles/blink.dir/C_/pico/pico-sdk/src/rp2_common/pico_mem_ops/mem_ops_aeabi.S.obj
                0x10002df8                __wrap_memcpy
                0x10002df8                __wrap___aeabi_memcpy
 .text._out_buffer
                0x10002e04        0x8 CMakeFiles/blink.dir/C_/pico/pico-sdk/src/rp2_common/pico_printf/printf.c.obj
 .text._out_null
                0x10002e0c        0x2 CMakeFiles/blink.dir/C_/pico/pico-sdk/src/rp2_common/pico_printf/printf.c.obj
 .text._out_fct
                0x10002e0e        0xe CMakeFiles/blink.dir/C_/pico/pico-sdk/src/rp2_common/pico_printf/printf.c.obj
 .text._atoi    0x10002e1c       0x24 CMakeFiles/blink.dir/C_/pico/pico-sdk/src/rp2_common/pico_printf/printf.c.obj
 .text._out_rev
                0x10002e40       0xae CMakeFiles/blink.dir/C_/pico/pico-sdk/src/rp2_common/pico_printf/printf.c.obj
 .text._ntoa_format
                0x10002eee      0x110 CMakeFiles/blink.dir/C_/pico/pico-sdk/src/rp2_common/pico_printf/printf.c.obj
 .text._ntoa_long
                0x10002ffe       0xbc CMakeFiles/blink.dir/C_/pico/pico-sdk/src/rp2_common/pico_printf/printf.c.obj
 .text._ntoa_long_long
                0x100030ba      0x10e CMakeFiles/blink.dir/C_/pico/pico-sdk/src/rp2_common/pico_printf/printf.c.obj
 .text._etoa    0x100031c8      0x420 CMakeFiles/blink.dir/C_/pico/pico-sdk/src/rp2_common/pico_printf/printf.c.obj
 .text._ftoa    0x100035e8      0x354 CMakeFiles/blink.dir/C_/pico/pico-sdk/src/rp2_common/pico_printf/printf.c.obj
 .text._vsnprintf
                0x1000393c      0x668 CMakeFiles/blink.dir/C_/pico/pico-sdk/src/rp2_common/pico_printf/printf.c.obj
 .text.__wrap_sprintf
                0x10003fa4       0x2c CMakeFiles/blink.dir/C_/pico/pico-sdk/src/rp2_common/pico_printf/printf.c.obj
                0x10003fa4                __wrap_sprintf
 .text.vfctprintf
                0x10003fd0       0x20 CMakeFiles/blink.dir/C_/pico/pico-sdk/src/rp2_common/pico_printf/printf.c.obj
                0x10003fd0                vfctprintf
 .text._exit    0x10003ff0        0x4 CMakeFiles/blink.dir/C_/pico/pico-sdk/src/rp2_common/pico_clib_interface/newlib_interface.c.obj
                0x10003ff0                _exit
 .text._sbrk    0x10003ff4       0x38 CMakeFiles/blink.dir/C_/pico/pico-sdk/src/rp2_common/pico_clib_interface/newlib_interface.c.obj
                0x10003ff4                _sbrk
 .text.exit     0x1000402c        0x6 CMakeFiles/blink.dir/C_/pico/pico-sdk/src/rp2_common/pico_clib_interface/newlib_interface.c.obj
                0x1000402c                exit
 *fill*         0x10004032        0x2 
 .text.__assert_func
                0x10004034       0x38 CMakeFiles/blink.dir/C_/pico/pico-sdk/src/rp2_common/pico_clib_interface/newlib_interface.c.obj
                0x10004034                __assert_func
 .text.runtime_init
                0x1000406c       0x28 CMakeFiles/blink.dir/C_/pico/pico-sdk/src/rp2_common/pico_clib_interface/newlib_interface.c.obj
                0x1000406c                runtime_init
 .text.stdio_out_chars_no_crlf
                0x10004094        0xe CMakeFiles/blink.dir/C_/pico/pico-sdk/src/rp2_common/pico_stdio/stdio.c.obj
 *fill*         0x100040a2        0x2 
 .text.stdio_out_chars_crlf
                0x100040a4       0x80 CMakeFiles/blink.dir/C_/pico/pico-sdk/src/rp2_common/pico_stdio/stdio.c.obj
 .text.stdio_stack_buffer_flush
                0x10004124       0x44 CMakeFiles/blink.dir/C_/pico/pico-sdk/src/rp2_common/pico_stdio/stdio.c.obj
 .text.stdio_buffered_printer
                0x10004168       0x20 CMakeFiles/blink.dir/C_/pico/pico-sdk/src/rp2_common/pico_stdio/stdio.c.obj
 .text.stdout_serialize_begin
                0x10004188       0x30 CMakeFiles/blink.dir/C_/pico/pico-sdk/src/rp2_common/pico_stdio/stdio.c.obj
                0x10004188                stdout_serialize_begin
 .text.stdout_serialize_end
                0x100041b8       0x10 CMakeFiles/blink.dir/C_/pico/pico-sdk/src/rp2_common/pico_stdio/stdio.c.obj
                0x100041b8                stdout_serialize_end
 .text.stdio_put_string
                0x100041c8       0x94 CMakeFiles/blink.dir/C_/pico/pico-sdk/src/rp2_common/pico_stdio/stdio.c.obj
                0x100041c8                stdio_put_string
 .text.stdio_set_driver_enabled
                0x1000425c       0x2c CMakeFiles/blink.dir/C_/pico/pico-sdk/src/rp2_common/pico_stdio/stdio.c.obj
                0x1000425c                stdio_set_driver_enabled
 .text.stdio_flush
                0x10004288       0x20 CMakeFiles/blink.dir/C_/pico/pico-sdk/src/rp2_common/pico_stdio/stdio.c.obj
                0x10004288                stdio_flush
 .text.stdio_init_all
                0x100042a8        0xa CMakeFiles/blink.dir/C_/pico/pico-sdk/src/rp2_common/pico_stdio/stdio.c.obj
                0x100042a8                stdio_init_all
 .text.__wrap_puts
                0x100042b2       0x1e CMakeFiles/blink.dir/C_/pico/pico-sdk/src/rp2_common/pico_stdio/stdio.c.obj
                0x100042b2                stdio_puts
                0x100042b2                __wrap_puts
 .text.__wrap_vprintf
                0x100042d0       0x40 CMakeFiles/blink.dir/C_/pico/pico-sdk/src/rp2_common/pico_stdio/stdio.c.obj
                0x100042d0                stdio_vprintf
                0x100042d0                __wrap_vprintf
 .text.__wrap_printf
                0x10004310       0x18 CMakeFiles/blink.dir/C_/pico/pico-sdk/src/rp2_common/pico_stdio/stdio.c.obj
                0x10004310                __wrap_printf
                0x10004310                stdio_printf
 .text.uart_putc
                0x10004328       0x60 CMakeFiles/blink.dir/C_/pico/pico-sdk/src/rp2_common/pico_stdio_uart/stdio_uart.c.obj
 .text.uart_getc
                0x10004388       0x24 CMakeFiles/blink.dir/C_/pico/pico-sdk/src/rp2_common/pico_stdio_uart/stdio_uart.c.obj
 .text.stdio_uart_out_chars
                0x100043ac       0x20 CMakeFiles/blink.dir/C_/pico/pico-sdk/src/rp2_common/pico_stdio_uart/stdio_uart.c.obj
 .text.stdio_uart_in_chars
                0x100043cc       0x5c CMakeFiles/blink.dir/C_/pico/pico-sdk/src/rp2_common/pico_stdio_uart/stdio_uart.c.obj
                0x100043cc                stdio_uart_in_chars
 .text.on_uart_rx
                0x10004428       0x28 CMakeFiles/blink.dir/C_/pico/pico-sdk/src/rp2_common/pico_stdio_uart/stdio_uart.c.obj
 .text.stdio_uart_out_flush
                0x10004450       0x10 CMakeFiles/blink.dir/C_/pico/pico-sdk/src/rp2_common/pico_stdio_uart/stdio_uart.c.obj
 .text.stdio_uart_set_chars_available_callback
                0x10004460       0x90 CMakeFiles/blink.dir/C_/pico/pico-sdk/src/rp2_common/pico_stdio_uart/stdio_uart.c.obj
 .text.stdio_uart_init_full
                0x100044f0       0x44 CMakeFiles/blink.dir/C_/pico/pico-sdk/src/rp2_common/pico_stdio_uart/stdio_uart.c.obj
                0x100044f0                stdio_uart_init_full
 .text.stdio_uart_init
                0x10004534       0x30 CMakeFiles/blink.dir/C_/pico/pico-sdk/src/rp2_common/pico_stdio_uart/stdio_uart.c.obj
                0x10004534                stdio_uart_init
 .text.calloc   0x10004564       0x18 C:/PROGRA~2/ARMGNU~1/133167~1.3RE/bin/../lib/gcc/arm-none-eabi/13.3.1/thumb/v6-m/nofp\libg.a(libc_a-calloc.o)
                0x10004564                calloc
 .text._calloc_r
                0x1000457c       0xa8 C:/PROGRA~2/ARMGNU~1/133167~1.3RE/bin/../lib/gcc/arm-none-eabi/13.3.1/thumb/v6-m/nofp\libg.a(libc_a-callocr.o)
                0x1000457c                _calloc_r
 .text._malloc_r
                0x10004624      0x5c4 C:/PROGRA~2/ARMGNU~1/133167~1.3RE/bin/../lib/gcc/arm-none-eabi/13.3.1/thumb/v6-m/nofp\libg.a(libc_a-mallocr.o)
                0x10004624                _malloc_r
 .text.__malloc_lock
                0x10004be8       0x10 C:/PROGRA~2/ARMGNU~1/133167~1.3RE/bin/../lib/gcc/arm-none-eabi/13.3.1/thumb/v6-m/nofp\libg.a(libc_a-mlock.o)
                0x10004be8                __malloc_lock
 .text.__malloc_unlock
                0x10004bf8       0x10 C:/PROGRA~2/ARMGNU~1/133167~1.3RE/bin/../lib/gcc/arm-none-eabi/13.3.1/thumb/v6-m/nofp\libg.a(libc_a-mlock.o)
                0x10004bf8                __malloc_unlock
 .text.memcmp   0x10004c08       0x48 C:/PROGRA~2/ARMGNU~1/133167~1.3RE/bin/../lib/gcc/arm-none-eabi/13.3.1/thumb/v6-m/nofp\libg.a(libc_a-memcmp.o)
                0x10004c08                memcmp
 .text.critical_factorization
                0x10004c50       0xcc C:/PROGRA~2/ARMGNU~1/133167~1.3RE/bin/../lib/gcc/arm-none-eabi/13.3.1/thumb/v6-m/nofp\libg.a(libc_a-strstr.o)
 .text.two_way_long_needle
                0x10004d1c      0x228 C:/PROGRA~2/ARMGNU~1/133167~1.3RE/bin/../lib/gcc/arm-none-eabi/13.3.1/thumb/v6-m/nofp\libg.a(libc_a-strstr.o)
 .text.strstr   0x10004f44      0x17c C:/PROGRA~2/ARMGNU~1/133167~1.3RE/bin/../lib/gcc/arm-none-eabi/13.3.1/thumb/v6-m/nofp\libg.a(libc_a-strstr.o)
                0x10004f44                strstr
 .text._sbrk_r  0x100050c0       0x24 C:/PROGRA~2/ARMGNU~1/133167~1.3RE/bin/../lib/gcc/arm-none-eabi/13.3.1/thumb/v6-m/nofp\libg.a(libc_a-sbrkr.o)
                0x100050c0                _sbrk_r
 .text.__errno  0x100050e4        0xc C:/PROGRA~2/ARMGNU~1/133167~1.3RE/bin/../lib/gcc/arm-none-eabi/13.3.1/thumb/v6-m/nofp\libg.a(libc_a-errno.o)
                0x100050e4                __errno
 .text.__retarget_lock_acquire_recursive
                0x100050f0        0x4 C:/PROGRA~2/ARMGNU~1/133167~1.3RE/bin/../lib/gcc/arm-none-eabi/13.3.1/thumb/v6-m/nofp\libg.a(libc_a-lock.o)
                0x100050f0                __retarget_lock_acquire_recursive
 .text.__retarget_lock_release_recursive
                0x100050f4        0x4 C:/PROGRA~2/ARMGNU~1/133167~1.3RE/bin/../lib/gcc/arm-none-eabi/13.3.1/thumb/v6-m/nofp\libg.a(libc_a-lock.o)
                0x100050f4                __retarget_lock_release_recursive
 .text.sysconf  0x100050f8       0x1c C:/PROGRA~2/ARMGNU~1/133167~1.3RE/bin/../lib/gcc/arm-none-eabi/13.3.1/thumb/v6-m/nofp\libg.a(libc_a-sysconf.o)
                0x100050f8                sysconf
 .text.strlen   0x10005114       0x5c C:/PROGRA~2/ARMGNU~1/133167~1.3RE/bin/../lib/gcc/arm-none-eabi/13.3.1/thumb/v6-m/nofp\libg.a(libc_a-strlen-stub.o)
                0x10005114                strlen
 .text._malloc_trim_r
                0x10005170       0xb4 C:/PROGRA~2/ARMGNU~1/133167~1.3RE/bin/../lib/gcc/arm-none-eabi/13.3.1/thumb/v6-m/nofp\libg.a(libc_a-freer.o)
                0x10005170                _malloc_trim_r
 .text._free_r  0x10005224      0x1d4 C:/PROGRA~2/ARMGNU~1/133167~1.3RE/bin/../lib/gcc/arm-none-eabi/13.3.1/thumb/v6-m/nofp\libg.a(libc_a-freer.o)
                0x10005224                _free_r
 .text.strchr   0x100053f8       0xc4 C:/PROGRA~2/ARMGNU~1/133167~1.3RE/bin/../lib/gcc/arm-none-eabi/13.3.1/thumb/v6-m/nofp\libg.a(libc_a-strchr.o)
                0x100053f8                strchr
 .text.strnlen  0x100054bc       0x24 C:/PROGRA~2/ARMGNU~1/133167~1.3RE/bin/../lib/gcc/arm-none-eabi/13.3.1/thumb/v6-m/nofp\libg.a(libc_a-strnlen.o)
                0x100054bc                strnlen
 *(.fini)
 .fini          0x100054e0        0x4 C:/PROGRA~2/ARMGNU~1/133167~1.3RE/bin/../lib/gcc/arm-none-eabi/13.3.1/thumb/v6-m/nofp/crti.o
                0x100054e0                _fini
 *fill*         0x100054e4        0x4 
 .fini.__stub   0x100054e8       0x40 linker stubs
 *crtbegin.o(.ctors)
 *crtbegin?.o(.ctors)
 *(EXCLUDE_FILE(*crtend.o *crtend?.o) .ctors)
 *(SORT_BY_NAME(.ctors.*))
 *(.ctors)
 *crtbegin.o(.dtors)
 *crtbegin?.o(.dtors)
 *(EXCLUDE_FILE(*crtend.o *crtend?.o) .dtors)
 *(SORT_BY_NAME(.dtors.*))
 *(.dtors)
                0x10005528                        . = ALIGN (0x4)
                0x10005528                        PROVIDE (__preinit_array_start = .)
 *(SORT_BY_NAME(.preinit_array.*))
 .preinit_array.00100
                0x10005528        0x4 CMakeFiles/blink.dir/C_/pico/pico-sdk/src/rp2_common/pico_runtime_init/runtime_init.c.obj
                0x10005528                __pre_init_runtime_init_early_resets
 .preinit_array.00101
                0x1000552c        0x4 CMakeFiles/blink.dir/C_/pico/pico-sdk/src/rp2_common/pico_runtime_init/runtime_init.c.obj
                0x1000552c                __pre_init_runtime_init_usb_power_down
 .preinit_array.00275
                0x10005530        0x4 CMakeFiles/blink.dir/C_/pico/pico-sdk/src/rp2_common/pico_bit_ops/bit_ops_aeabi.S.obj
 .preinit_array.00300
                0x10005534        0x4 CMakeFiles/blink.dir/C_/pico/pico-sdk/src/rp2_common/pico_mem_ops/mem_ops_aeabi.S.obj
 .preinit_array.00350
                0x10005538        0x4 CMakeFiles/blink.dir/C_/pico/pico-sdk/src/rp2_common/pico_double/double_aeabi_rp2040.S.obj
 .preinit_array.00350
                0x1000553c        0x4 CMakeFiles/blink.dir/C_/pico/pico-sdk/src/rp2_common/pico_float/float_aeabi_rp2040.S.obj
 .preinit_array.00500
                0x10005540        0x4 CMakeFiles/blink.dir/C_/pico/pico-sdk/src/rp2_common/pico_runtime_init/runtime_init.c.obj
                0x10005540                __pre_init_runtime_init_clocks
 .preinit_array.00600
                0x10005544        0x4 CMakeFiles/blink.dir/C_/pico/pico-sdk/src/rp2_common/pico_runtime_init/runtime_init.c.obj
                0x10005544                __pre_init_runtime_init_post_clock_resets
 .preinit_array.00700
                0x10005548        0x4 CMakeFiles/blink.dir/C_/pico/pico-sdk/src/rp2_common/pico_runtime_init/runtime_init.c.obj
                0x10005548                __pre_init_runtime_init_rp2040_gpio_ie_disable
 .preinit_array.01000
                0x1000554c        0x4 CMakeFiles/blink.dir/C_/pico/pico-sdk/src/rp2_common/pico_runtime_init/runtime_init.c.obj
                0x1000554c                __pre_init_runtime_init_spin_locks_reset
 .preinit_array.01100
                0x10005550        0x4 CMakeFiles/blink.dir/C_/pico/pico-sdk/src/common/pico_sync/mutex.c.obj
                0x10005550                __pre_init_runtime_init_mutex
 .preinit_array.10080
                0x10005554        0x4 CMakeFiles/blink.dir/C_/pico/pico-sdk/src/rp2_common/pico_runtime_init/runtime_init.c.obj
                0x10005554                __pre_init_runtime_init_install_ram_vector_table
 .preinit_array.11000
                0x10005558        0x4 CMakeFiles/blink.dir/C_/pico/pico-sdk/src/common/pico_time/time.c.obj
                0x10005558                __pre_init_runtime_init_default_alarm_pool
 .preinit_array.YYYYY
                0x1000555c        0x4 CMakeFiles/blink.dir/C_/pico/pico-sdk/src/rp2_common/pico_runtime/runtime.c.obj
                0x1000555c                __pre_init_first_per_core_initializer
 .preinit_array.ZZZZZ.01200
                0x10005560        0x4 CMakeFiles/blink.dir/C_/pico/pico-sdk/src/rp2_common/hardware_irq/irq.c.obj
                0x10005560                __pre_init_runtime_init_per_core_irq_priorities
 *(.preinit_array)
                0x10005564                        PROVIDE (__preinit_array_end = .)
                0x10005564                        . = ALIGN (0x4)
                0x10005564                        PROVIDE (__init_array_start = .)
 *(SORT_BY_NAME(.init_array.*))
 *(.init_array)
 .init_array    0x10005564        0x4 C:/PROGRA~2/ARMGNU~1/133167~1.3RE/bin/../lib/gcc/arm-none-eabi/13.3.1/thumb/v6-m/nofp/crtbegin.o
                0x10005568                        PROVIDE (__init_array_end = .)
                0x10005568                        . = ALIGN (0x4)
                [!provide]                        PROVIDE (__fini_array_start = .)
 *(SORT_BY_NAME(.fini_array.*))
 *(.fini_array)
                [!provide]                        PROVIDE (__fini_array_end = .)
 *(.eh_frame*)
 .eh_frame      0x10005568        0x0 C:/PROGRA~2/ARMGNU~1/133167~1.3RE/bin/../lib/gcc/arm-none-eabi/13.3.1/thumb/v6-m/nofp/crtbegin.o
                0x10005568                        . = ALIGN (0x4)

.glue_7         0x10005568        0x0
 .glue_7        0x10005568        0x0 linker stubs

.glue_7t        0x10005568        0x0
 .glue_7t       0x10005568        0x0 linker stubs

.vfp11_veneer   0x10005568        0x0
 .vfp11_veneer  0x10005568        0x0 linker stubs

.v4_bx          0x10005568        0x0
 .v4_bx         0x10005568        0x0 linker stubs

.iplt           0x10005568        0x0
 .iplt          0x10005568        0x0 C:/PROGRA~2/ARMGNU~1/133167~1.3RE/bin/../lib/gcc/arm-none-eabi/13.3.1/thumb/v6-m/nofp/crtbegin.o

.rodata         0x10005568      0xce8
 *(EXCLUDE_FILE(*libm.a: *libc.a:*lib_a-mem*.o *libgcc.a:) .rodata*)
 .rodata.main.str1.4
                0x10005568      0x898 CMakeFiles/blink.dir/main.c.obj
                                 0x44 (size before relaxing)
 .rodata        0x10005e00       0xa0 CMakeFiles/blink.dir/main.c.obj
 .rodata.check_response.str1.4
                0x10005ea0        0xc CMakeFiles/blink.dir/lora_communication.c.obj
 .rodata.check_join.str1.4
                0x10005ea0       0x13 CMakeFiles/blink.dir/lora_communication.c.obj
 .rodata.connect_lora.str1.4
                0x10005ea0       0xc6 CMakeFiles/blink.dir/lora_communication.c.obj
 .rodata.send_message.str1.4
                0x10005ea0        0xe CMakeFiles/blink.dir/lora_communication.c.obj
 .rodata.gpio_set_irq_enabled.str1.4
                0x10005ea0       0x61 CMakeFiles/blink.dir/C_/pico/pico-sdk/src/rp2_common/hardware_gpio/gpio.c.obj
 .rodata.__func__.4
                0x10005ea0       0x15 CMakeFiles/blink.dir/C_/pico/pico-sdk/src/rp2_common/hardware_gpio/gpio.c.obj
 .rodata.panic.str1.4
                0x10005eb5       0x12 CMakeFiles/blink.dir/C_/pico/pico-sdk/src/rp2_common/pico_platform_panic/panic.c.obj
 .rodata.resolve_j_16.str1.4
                0x10005eb5       0x4b CMakeFiles/blink.dir/C_/pico/pico-sdk/src/rp2_common/hardware_irq/irq.c.obj
 .rodata.make_j_16.str1.4
                0x10005eb5       0x30 CMakeFiles/blink.dir/C_/pico/pico-sdk/src/rp2_common/hardware_irq/irq.c.obj
 .rodata.insert_bl_32.str1.4
                0x10005eb5       0x10 CMakeFiles/blink.dir/C_/pico/pico-sdk/src/rp2_common/hardware_irq/irq.c.obj
 .rodata.irq_set_exclusive_handler.str1.4
                0x10005eb5       0x36 CMakeFiles/blink.dir/C_/pico/pico-sdk/src/rp2_common/hardware_irq/irq.c.obj
 .rodata.irq_add_shared_handler.str1.4
                0x10005eb5       0xd2 CMakeFiles/blink.dir/C_/pico/pico-sdk/src/rp2_common/hardware_irq/irq.c.obj
 .rodata.irq_remove_handler.str1.4
                0x10005eb5       0x3a CMakeFiles/blink.dir/C_/pico/pico-sdk/src/rp2_common/hardware_irq/irq.c.obj
 .rodata.irq_add_tail_to_free_list.str1.4
                0x10005eb5       0x3a CMakeFiles/blink.dir/C_/pico/pico-sdk/src/rp2_common/hardware_irq/irq.c.obj
 *fill*         0x10005eb5        0x3 
 .rodata.__func__.0
                0x10005eb8       0x1a CMakeFiles/blink.dir/C_/pico/pico-sdk/src/rp2_common/hardware_irq/irq.c.obj
 *fill*         0x10005ed2        0x2 
 .rodata.__func__.1
                0x10005ed4        0xd CMakeFiles/blink.dir/C_/pico/pico-sdk/src/rp2_common/hardware_irq/irq.c.obj
 *fill*         0x10005ee1        0x3 
 .rodata.__func__.2
                0x10005ee4       0x13 CMakeFiles/blink.dir/C_/pico/pico-sdk/src/rp2_common/hardware_irq/irq.c.obj
 *fill*         0x10005ef7        0x1 
 .rodata.__func__.3
                0x10005ef8        0xa CMakeFiles/blink.dir/C_/pico/pico-sdk/src/rp2_common/hardware_irq/irq.c.obj
 *fill*         0x10005f02        0x2 
 .rodata.__func__.4
                0x10005f04        0xd CMakeFiles/blink.dir/C_/pico/pico-sdk/src/rp2_common/hardware_irq/irq.c.obj
 *fill*         0x10005f11        0x3 
 .rodata.__func__.5
                0x10005f14       0x17 CMakeFiles/blink.dir/C_/pico/pico-sdk/src/rp2_common/hardware_irq/irq.c.obj
 *fill*         0x10005f2b        0x1 
 .rodata.__func__.6
                0x10005f2c       0x1a CMakeFiles/blink.dir/C_/pico/pico-sdk/src/rp2_common/hardware_irq/irq.c.obj
 .rodata.runtime_init_mutex.str1.4
                0x10005f46       0x4e CMakeFiles/blink.dir/C_/pico/pico-sdk/src/common/pico_sync/mutex.c.obj
 .rodata.str1.4
                0x10005f46       0x51 CMakeFiles/blink.dir/C_/pico/pico-sdk/src/common/pico_sync/mutex.c.obj
 *fill*         0x10005f46        0x2 
 .rodata.__func__.1
                0x10005f48        0xb CMakeFiles/blink.dir/C_/pico/pico-sdk/src/common/pico_sync/mutex.c.obj
 *fill*         0x10005f53        0x1 
 .rodata.__func__.3
                0x10005f54       0x18 CMakeFiles/blink.dir/C_/pico/pico-sdk/src/common/pico_sync/mutex.c.obj
 .rodata.__func__.6
                0x10005f6c       0x13 CMakeFiles/blink.dir/C_/pico/pico-sdk/src/common/pico_sync/mutex.c.obj
 .rodata.alarm_pool_irq_handler.str1.4
                0x10005f7f       0x59 CMakeFiles/blink.dir/C_/pico/pico-sdk/src/common/pico_time/time.c.obj
 .rodata.alarm_pool_get_default.str1.4
                0x10005f7f       0x21 CMakeFiles/blink.dir/C_/pico/pico-sdk/src/common/pico_time/time.c.obj
 .rodata.sleep_until.str1.4
                0x10005f7f       0x4d CMakeFiles/blink.dir/C_/pico/pico-sdk/src/common/pico_time/time.c.obj
 *fill*         0x10005f7f        0x1 
 .rodata.__func__.1
                0x10005f80       0x17 CMakeFiles/blink.dir/C_/pico/pico-sdk/src/common/pico_time/time.c.obj
 *fill*         0x10005f97        0x1 
 .rodata.__func__.2
                0x10005f98       0x17 CMakeFiles/blink.dir/C_/pico/pico-sdk/src/common/pico_time/time.c.obj
 .rodata.timer_hardware_alarm_claim.str1.4
                0x10005faf       0x22 CMakeFiles/blink.dir/C_/pico/pico-sdk/src/rp2_common/hardware_timer/timer.c.obj
 .rodata.element_ptr.str1.4
                0x10005faf       0x4a CMakeFiles/blink.dir/C_/pico/pico-sdk/src/common/pico_util/queue.c.obj
 *fill*         0x10005faf        0x1 
 .rodata.__func__.0
                0x10005fb0        0xc CMakeFiles/blink.dir/C_/pico/pico-sdk/src/common/pico_util/queue.c.obj
 .rodata.pll_init.str1.4
                0x10005fbc      0x108 CMakeFiles/blink.dir/C_/pico/pico-sdk/src/rp2_common/hardware_pll/pll.c.obj
 .rodata.__func__.0
                0x10005fbc        0x9 CMakeFiles/blink.dir/C_/pico/pico-sdk/src/rp2_common/hardware_pll/pll.c.obj
 .rodata.missing_double_func_shim.str1.4
                0x10005fc5       0x18 CMakeFiles/blink.dir/C_/pico/pico-sdk/src/rp2_common/pico_double/double_init_rom_rp2040.c.obj
 .rodata.__aeabi_double_init.str1.4
                0x10005fc5       0x89 CMakeFiles/blink.dir/C_/pico/pico-sdk/src/rp2_common/pico_double/double_init_rom_rp2040.c.obj
 *fill*         0x10005fc5        0x3 
 .rodata.__func__.0
                0x10005fc8       0x14 CMakeFiles/blink.dir/C_/pico/pico-sdk/src/rp2_common/pico_double/double_init_rom_rp2040.c.obj
 .rodata.missing_float_func_shim.str1.4
                0x10005fdc        0x1 CMakeFiles/blink.dir/C_/pico/pico-sdk/src/rp2_common/pico_float/float_init_rom_rp2040.c.obj
 .rodata.__aeabi_float_init.str1.4
                0x10005fdc       0x77 CMakeFiles/blink.dir/C_/pico/pico-sdk/src/rp2_common/pico_float/float_init_rom_rp2040.c.obj
 .rodata.__func__.0
                0x10005fdc       0x13 CMakeFiles/blink.dir/C_/pico/pico-sdk/src/rp2_common/pico_float/float_init_rom_rp2040.c.obj
 .rodata.check_alloc.str1.4
                0x10005fef        0xe CMakeFiles/blink.dir/C_/pico/pico-sdk/src/rp2_common/pico_malloc/malloc.c.obj
 .rodata.str1.4
                0x10005fef       0x3c CMakeFiles/blink.dir/C_/pico/pico-sdk/src/rp2_common/pico_standard_binary_info/standard_binary_info.c.obj
 *fill*         0x10005fef        0x1 
 .rodata.__bi_84
                0x10005ff0        0xc CMakeFiles/blink.dir/C_/pico/pico-sdk/src/rp2_common/pico_standard_binary_info/standard_binary_info.c.obj
 .rodata.__bi_78
                0x10005ffc        0xc CMakeFiles/blink.dir/C_/pico/pico-sdk/src/rp2_common/pico_standard_binary_info/standard_binary_info.c.obj
 .rodata.__bi_54
                0x10006008        0xc CMakeFiles/blink.dir/C_/pico/pico-sdk/src/rp2_common/pico_standard_binary_info/standard_binary_info.c.obj
 .rodata.__bi_48
                0x10006014        0xc CMakeFiles/blink.dir/C_/pico/pico-sdk/src/rp2_common/pico_standard_binary_info/standard_binary_info.c.obj
 .rodata.__bi_42
                0x10006020        0xc CMakeFiles/blink.dir/C_/pico/pico-sdk/src/rp2_common/pico_standard_binary_info/standard_binary_info.c.obj
 .rodata.__bi_34
                0x1000602c        0xc CMakeFiles/blink.dir/C_/pico/pico-sdk/src/rp2_common/pico_standard_binary_info/standard_binary_info.c.obj
 .rodata.__bi_26
                0x10006038        0xc CMakeFiles/blink.dir/C_/pico/pico-sdk/src/rp2_common/pico_standard_binary_info/standard_binary_info.c.obj
 .rodata._ftoa.str1.4
                0x10006044       0x15 CMakeFiles/blink.dir/C_/pico/pico-sdk/src/rp2_common/pico_printf/printf.c.obj
 .rodata._vsnprintf
                0x10006044      0x19c CMakeFiles/blink.dir/C_/pico/pico-sdk/src/rp2_common/pico_printf/printf.c.obj
 .rodata.pow10.0
                0x100061e0       0x50 CMakeFiles/blink.dir/C_/pico/pico-sdk/src/rp2_common/pico_printf/printf.c.obj
 .rodata.__assert_func.str1.4
                0x10006230       0x43 CMakeFiles/blink.dir/C_/pico/pico-sdk/src/rp2_common/pico_clib_interface/newlib_interface.c.obj
 .rodata.crlf_str.0
                0x10006230        0x2 CMakeFiles/blink.dir/C_/pico/pico-sdk/src/rp2_common/pico_stdio/stdio.c.obj
 .rodata.str1.4
                0x10006232       0x2c CMakeFiles/blink.dir/C_/pico/pico-sdk/src/rp2_common/pico_stdio_uart/stdio_uart.c.obj
 *fill*         0x10006232        0x2 
 .rodata.__bi_45.4
                0x10006234        0xc CMakeFiles/blink.dir/C_/pico/pico-sdk/src/rp2_common/pico_stdio_uart/stdio_uart.c.obj
 .rodata.__bi_49.5
                0x10006240        0x8 CMakeFiles/blink.dir/C_/pico/pico-sdk/src/rp2_common/pico_stdio_uart/stdio_uart.c.obj
 .rodata.__bi_50.6
                0x10006248        0x8 CMakeFiles/blink.dir/C_/pico/pico-sdk/src/rp2_common/pico_stdio_uart/stdio_uart.c.obj
                0x10006250                        . = ALIGN (0x4)
 *(SORT_BY_ALIGNMENT(SORT_BY_NAME(.flashdata*)))
                0x10006250                        . = ALIGN (0x4)

.ARM.extab
 *(.ARM.extab* .gnu.linkonce.armextab.*)
                0x10006250                        __exidx_start = .

.ARM.exidx
 *(.ARM.exidx* .gnu.linkonce.armexidx.*)
                0x10006250                        __exidx_end = .
                0x10006250                        . = ALIGN (0x4)
                0x10006250                        __binary_info_start = .

.binary_info    0x10006250       0x28
 *(.binary_info.keep.*)
 .binary_info.keep.__bi_ptr84
                0x10006250        0x4 CMakeFiles/blink.dir/C_/pico/pico-sdk/src/rp2_common/pico_standard_binary_info/standard_binary_info.c.obj
 .binary_info.keep.__bi_ptr78
                0x10006254        0x4 CMakeFiles/blink.dir/C_/pico/pico-sdk/src/rp2_common/pico_standard_binary_info/standard_binary_info.c.obj
 .binary_info.keep.__bi_ptr54
                0x10006258        0x4 CMakeFiles/blink.dir/C_/pico/pico-sdk/src/rp2_common/pico_standard_binary_info/standard_binary_info.c.obj
 .binary_info.keep.__bi_ptr48
                0x1000625c        0x4 CMakeFiles/blink.dir/C_/pico/pico-sdk/src/rp2_common/pico_standard_binary_info/standard_binary_info.c.obj
 .binary_info.keep.__bi_ptr42
                0x10006260        0x4 CMakeFiles/blink.dir/C_/pico/pico-sdk/src/rp2_common/pico_standard_binary_info/standard_binary_info.c.obj
 .binary_info.keep.__bi_ptr34
                0x10006264        0x4 CMakeFiles/blink.dir/C_/pico/pico-sdk/src/rp2_common/pico_standard_binary_info/standard_binary_info.c.obj
 .binary_info.keep.__bi_ptr26
                0x10006268        0x4 CMakeFiles/blink.dir/C_/pico/pico-sdk/src/rp2_common/pico_standard_binary_info/standard_binary_info.c.obj
 *(.binary_info.*)
 .binary_info.__bi_ptr50
                0x1000626c        0x4 CMakeFiles/blink.dir/C_/pico/pico-sdk/src/rp2_common/pico_stdio_uart/stdio_uart.c.obj
 .binary_info.__bi_ptr49
                0x10006270        0x4 CMakeFiles/blink.dir/C_/pico/pico-sdk/src/rp2_common/pico_stdio_uart/stdio_uart.c.obj
 .binary_info.__bi_ptr45
                0x10006274        0x4 CMakeFiles/blink.dir/C_/pico/pico-sdk/src/rp2_common/pico_stdio_uart/stdio_uart.c.obj
                0x10006278                        __binary_info_end = .
                0x10006278                        . = ALIGN (0x4)

.ram_vector_table
                0x20000000       0xc0
 *(.ram_vector_table)
 .ram_vector_table
                0x20000000       0xc0 CMakeFiles/blink.dir/C_/pico/pico-sdk/src/rp2_common/pico_runtime_init/runtime_init.c.obj
                0x20000000                ram_vector_table

.uninitialized_data
                0x200000c0        0x0
                0x200000c0                        . = ALIGN (0x4)
 *(.uninitialized_data*)

.data           0x200000c0      0x788 load address 0x10006278
                0x200000c0                        __data_start__ = .
 *(vtable)
 *(.time_critical*)
 .time_critical.mutex_try_enter
                0x200000c0       0x48 CMakeFiles/blink.dir/C_/pico/pico-sdk/src/common/pico_sync/mutex.c.obj
                0x200000c0                mutex_try_enter
 .time_critical.mutex_enter_block_until
                0x20000108       0x90 CMakeFiles/blink.dir/C_/pico/pico-sdk/src/common/pico_sync/mutex.c.obj
                0x20000108                mutex_enter_block_until
 .time_critical.mutex_try_enter_block_until
                0x20000198       0x34 CMakeFiles/blink.dir/C_/pico/pico-sdk/src/common/pico_sync/mutex.c.obj
                0x20000198                mutex_try_enter_block_until
 .time_critical.mutex_exit
                0x200001cc       0x4c CMakeFiles/blink.dir/C_/pico/pico-sdk/src/common/pico_sync/mutex.c.obj
                0x200001cc                mutex_exit
 *(.text*)
 .text          0x20000218        0x4 C:/PROGRA~2/ARMGNU~1/133167~1.3RE/bin/../lib/gcc/arm-none-eabi/13.3.1/thumb/v6-m/nofp\libgcc.a(_dvmd_tls.o)
                0x20000218                __aeabi_idiv0
                0x20000218                __aeabi_ldiv0
 *fill*         0x2000021c        0x4 
 .text.__stub   0x20000220       0x20 linker stubs
                0x20000240                        . = ALIGN (0x4)
 *(.rodata*)
                0x20000240                        . = ALIGN (0x4)
 *(.data*)
 .data.striped_spin_lock_num
                0x20000240        0x1 CMakeFiles/blink.dir/C_/pico/pico-sdk/src/rp2_common/hardware_sync/sync.c.obj
 *fill*         0x20000241        0x3 
 .data          0x20000244       0x48 CMakeFiles/blink.dir/C_/pico/pico-sdk/src/rp2_common/hardware_irq/irq_handler_chain.S.obj
                0x20000244                irq_handler_chain_slots
                0x20000274                irq_handler_chain_first_slot
                0x2000027e                irq_handler_chain_remove_tail
 .data.default_alarm_pool
                0x2000028c       0x18 CMakeFiles/blink.dir/C_/pico/pico-sdk/src/common/pico_time/time.c.obj
 *fill*         0x200002a4        0xc 
 .data.aeabi_bits_funcs
                0x200002b0       0x10 CMakeFiles/blink.dir/C_/pico/pico-sdk/src/rp2_common/pico_bit_ops/bit_ops_aeabi.S.obj
                0x200002b0                aeabi_bits_funcs
                0x200002c0                aeabi_bits_funcs_end
 .data.aeabi_mem_funcs
                0x200002c0       0x10 CMakeFiles/blink.dir/C_/pico/pico-sdk/src/rp2_common/pico_mem_ops/mem_ops_aeabi.S.obj
                0x200002c0                aeabi_mem_funcs
                0x200002d0                aeabi_mem_funcs_end
 .data.stdio_uart
                0x200002d0       0x18 CMakeFiles/blink.dir/C_/pico/pico-sdk/src/rp2_common/pico_stdio_uart/stdio_uart.c.obj
                0x200002d0                stdio_uart
 .data.__malloc_sbrk_base
                0x200002e8        0x4 C:/PROGRA~2/ARMGNU~1/133167~1.3RE/bin/../lib/gcc/arm-none-eabi/13.3.1/thumb/v6-m/nofp\libg.a(libc_a-mallocr.o)
                0x200002e8                __malloc_sbrk_base
 .data.__malloc_trim_threshold
                0x200002ec        0x4 C:/PROGRA~2/ARMGNU~1/133167~1.3RE/bin/../lib/gcc/arm-none-eabi/13.3.1/thumb/v6-m/nofp\libg.a(libc_a-mallocr.o)
                0x200002ec                __malloc_trim_threshold
 .data.__malloc_av_
                0x200002f0      0x408 C:/PROGRA~2/ARMGNU~1/133167~1.3RE/bin/../lib/gcc/arm-none-eabi/13.3.1/thumb/v6-m/nofp\libg.a(libc_a-mallocr.o)
                0x200002f0                __malloc_av_
 .data._impure_ptr
                0x200006f8        0x4 C:/PROGRA~2/ARMGNU~1/133167~1.3RE/bin/../lib/gcc/arm-none-eabi/13.3.1/thumb/v6-m/nofp\libg.a(libc_a-impure.o)
                0x200006f8                _impure_ptr
 *fill*         0x200006fc        0x4 
 .data._impure_data
                0x20000700      0x140 C:/PROGRA~2/ARMGNU~1/133167~1.3RE/bin/../lib/gcc/arm-none-eabi/13.3.1/thumb/v6-m/nofp\libg.a(libc_a-impure.o)
                0x20000700                _impure_data
                0x20000840                        . = ALIGN (0x4)
 *(.after_data.*)
                0x20000840                        . = ALIGN (0x4)
                0x20000840                        PROVIDE (__mutex_array_start = .)
 *(SORT_BY_NAME(.mutex_array.*))
 *(.mutex_array)
 .mutex_array   0x20000840        0x8 CMakeFiles/blink.dir/C_/pico/pico-sdk/src/rp2_common/pico_stdio/stdio.c.obj
                0x20000848                        PROVIDE (__mutex_array_end = .)
                0x20000848                        . = ALIGN (0x4)
 *(.jcr)
                0x20000848                        . = ALIGN (0x4)

.tm_clone_table
                0x20000848        0x0 load address 0x10006a00
 .tm_clone_table
                0x20000848        0x0 C:/PROGRA~2/ARMGNU~1/133167~1.3RE/bin/../lib/gcc/arm-none-eabi/13.3.1/thumb/v6-m/nofp/crtbegin.o
 .tm_clone_table
                0x20000848        0x0 C:/PROGRA~2/ARMGNU~1/133167~1.3RE/bin/../lib/gcc/arm-none-eabi/13.3.1/thumb/v6-m/nofp/crtend.o

.igot.plt       0x20000848        0x0 load address 0x10006a00
 .igot.plt      0x20000848        0x0 C:/PROGRA~2/ARMGNU~1/133167~1.3RE/bin/../lib/gcc/arm-none-eabi/13.3.1/thumb/v6-m/nofp/crtbegin.o

.tdata          0x20000848        0x0 load address 0x10006a00
                0x20000848                        . = ALIGN (0x4)
 *(.tdata .tdata.* .gnu.linkonce.td.*)
                0x20000848                        __tdata_end = .
                0x20000848                        PROVIDE (__data_end__ = .)
                0x10006278                        __etext = LOADADDR (.data)

.tbss           0x20000848        0x0 load address 0x10006a00
                0x20000848                        . = ALIGN (0x4)
                0x20000848                        __bss_start__ = .
                0x20000848                        __tls_base = .
 *(.tbss .tbss.* .gnu.linkonce.tb.*)
 *(.tcommon)
                0x20000848                        __tls_end = .

.bss            0x20000848      0x590 load address 0x10006a00
                0x20000848                        . = ALIGN (0x4)
                0x20000848                        __tbss_end = .
 *(SORT_BY_ALIGNMENT(SORT_BY_NAME(.bss*)))
 .bss.default_alarm_pool_entries
                0x20000848      0x180 CMakeFiles/blink.dir/C_/pico/pico-sdk/src/common/pico_time/time.c.obj
 .bss.__lock___malloc_recursive_mutex
                0x200009c8        0x1 C:/PROGRA~2/ARMGNU~1/133167~1.3RE/bin/../lib/gcc/arm-none-eabi/13.3.1/thumb/v6-m/nofp\libg.a(libc_a-lock.o)
                0x200009c8                __lock___malloc_recursive_mutex
 *fill*         0x200009c9        0x3 
 .bss.__malloc_current_mallinfo
                0x200009cc       0x28 C:/PROGRA~2/ARMGNU~1/133167~1.3RE/bin/../lib/gcc/arm-none-eabi/13.3.1/thumb/v6-m/nofp\libg.a(libc_a-mallocr.o)
                0x200009cc                __malloc_current_mallinfo
 .bss.__malloc_max_sbrked_mem
                0x200009f4        0x4 C:/PROGRA~2/ARMGNU~1/133167~1.3RE/bin/../lib/gcc/arm-none-eabi/13.3.1/thumb/v6-m/nofp\libg.a(libc_a-mallocr.o)
                0x200009f4                __malloc_max_sbrked_mem
 .bss.__malloc_max_total_mem
                0x200009f8        0x4 C:/PROGRA~2/ARMGNU~1/133167~1.3RE/bin/../lib/gcc/arm-none-eabi/13.3.1/thumb/v6-m/nofp\libg.a(libc_a-mallocr.o)
                0x200009f8                __malloc_max_total_mem
 .bss.__malloc_top_pad
                0x200009fc        0x4 C:/PROGRA~2/ARMGNU~1/133167~1.3RE/bin/../lib/gcc/arm-none-eabi/13.3.1/thumb/v6-m/nofp\libg.a(libc_a-mallocr.o)
                0x200009fc                __malloc_top_pad
 .bss.__sf      0x20000a00      0x138 C:/PROGRA~2/ARMGNU~1/133167~1.3RE/bin/../lib/gcc/arm-none-eabi/13.3.1/thumb/v6-m/nofp\libg.a(libc_a-findfp.o)
                0x20000a00                __sf
 .bss.callbacks
                0x20000b38        0x8 CMakeFiles/blink.dir/C_/pico/pico-sdk/src/rp2_common/hardware_gpio/gpio.c.obj
 .bss.chars_available_callback
                0x20000b40        0x4 CMakeFiles/blink.dir/C_/pico/pico-sdk/src/rp2_common/pico_stdio_uart/stdio_uart.c.obj
 .bss.chars_available_param
                0x20000b44        0x4 CMakeFiles/blink.dir/C_/pico/pico-sdk/src/rp2_common/pico_stdio_uart/stdio_uart.c.obj
 .bss.claimed   0x20000b48        0x1 CMakeFiles/blink.dir/C_/pico/pico-sdk/src/rp2_common/hardware_timer/timer.c.obj
 *fill*         0x20000b49        0x3 
 .bss.configured_freq
                0x20000b4c       0x28 CMakeFiles/blink.dir/C_/pico/pico-sdk/src/rp2_common/hardware_clocks/clocks.c.obj
 .bss.drivers   0x20000b74        0x4 CMakeFiles/blink.dir/C_/pico/pico-sdk/src/rp2_common/pico_stdio/stdio.c.obj
 .bss.errno     0x20000b78        0x4 C:/PROGRA~2/ARMGNU~1/133167~1.3RE/bin/../lib/gcc/arm-none-eabi/13.3.1/thumb/v6-m/nofp\libg.a(libc_a-reent.o)
                0x20000b78                errno
 .bss.events    0x20000b7c       0x10 CMakeFiles/blink.dir/queue_funct.c.obj
 .bss.filter    0x20000b8c        0x4 CMakeFiles/blink.dir/C_/pico/pico-sdk/src/rp2_common/pico_stdio/stdio.c.obj
 .bss.heap_end.0
                0x20000b90        0x4 CMakeFiles/blink.dir/C_/pico/pico-sdk/src/rp2_common/pico_clib_interface/newlib_interface.c.obj
 .bss.object.0  0x20000b94       0x18 C:/PROGRA~2/ARMGNU~1/133167~1.3RE/bin/../lib/gcc/arm-none-eabi/13.3.1/thumb/v6-m/nofp/crtbegin.o
 .bss.pools     0x20000bac       0x10 CMakeFiles/blink.dir/C_/pico/pico-sdk/src/common/pico_time/time.c.obj
 .bss.raw_irq_mask
                0x20000bbc        0x8 CMakeFiles/blink.dir/C_/pico/pico-sdk/src/rp2_common/hardware_gpio/gpio.c.obj
 .bss.sd_table  0x20000bc4      0x100 CMakeFiles/blink.dir/C_/pico/pico-sdk/src/rp2_common/pico_double/double_init_rom_rp2040.c.obj
                0x20000bc4                sd_table
 .bss.sf_clz_func
                0x20000cc4        0x4 CMakeFiles/blink.dir/C_/pico/pico-sdk/src/rp2_common/pico_double/double_init_rom_rp2040.c.obj
                0x20000cc4                sf_clz_func
 .bss.sf_table  0x20000cc8      0x100 CMakeFiles/blink.dir/C_/pico/pico-sdk/src/rp2_common/pico_float/float_init_rom_rp2040.c.obj
                0x20000cc8                sf_table
 .bss.sleep_notifier
                0x20000dc8        0x4 CMakeFiles/blink.dir/C_/pico/pico-sdk/src/common/pico_time/time.c.obj
 .bss.uart_char_to_line_feed
                0x20000dcc        0x4 CMakeFiles/blink.dir/C_/pico/pico-sdk/src/rp2_common/hardware_uart/uart.c.obj
                0x20000dcc                uart_char_to_line_feed
 .bss.uart_instance
                0x20000dd0        0x4 CMakeFiles/blink.dir/C_/pico/pico-sdk/src/rp2_common/pico_stdio_uart/stdio_uart.c.obj
 .bss.event     0x20000dd4        0x1 CMakeFiles/blink.dir/buttons_calibrations.c.obj
 .bss.irq_handler_chain_free_slot_head
                0x20000dd5        0x1 CMakeFiles/blink.dir/C_/pico/pico-sdk/src/rp2_common/hardware_irq/irq.c.obj
 *(COMMON)
                0x20000dd8                        . = ALIGN (0x4)
 *fill*         0x20000dd6        0x2 
                0x20000dd8                        __bss_end__ = .

.heap           0x20000dd8      0x800 load address 0x10006a00
                0x20000dd8                        __end__ = .
                0x20000dd8                        end = __end__
 *(.heap*)
 .heap          0x20000dd8      0x800 CMakeFiles/blink.dir/C_/pico/pico-sdk/src/rp2_common/pico_crt0/crt0.S.obj
                0x20040000                        __HeapLimit = (ORIGIN (RAM) + LENGTH (RAM))

.scratch_x      0x20040000        0x0 load address 0x10006a00
                0x20040000                        __scratch_x_start__ = .
 *(.scratch_x.*)
                0x20040000                        . = ALIGN (0x4)
                0x20040000                        __scratch_x_end__ = .
                0x10006a00                        __scratch_x_source__ = LOADADDR (.scratch_x)

.scratch_y      0x20041000        0x0 load address 0x10006a00
                0x20041000                        __scratch_y_start__ = .
 *(.scratch_y.*)
                0x20041000                        . = ALIGN (0x4)
                0x20041000                        __scratch_y_end__ = .
                0x10006a00                        __scratch_y_source__ = LOADADDR (.scratch_y)

.stack1_dummy
 *(.stack1*)

.stack_dummy    0x20041000      0x800
 *(.stack*)
 .stack         0x20041000      0x800 CMakeFiles/blink.dir/C_/pico/pico-sdk/src/rp2_common/pico_crt0/crt0.S.obj

.rel.dyn        0x20041800        0x0
 .rel.iplt      0x20041800        0x0 C:/PROGRA~2/ARMGNU~1/133167~1.3RE/bin/../lib/gcc/arm-none-eabi/13.3.1/thumb/v6-m/nofp/crtbegin.o

.flash_end      0x10006a00        0x0
 *(.embedded_end_block*)
                0x10006a00                        PROVIDE (__flash_binary_end = .)
                0x20040000                        __StackLimit = (ORIGIN (RAM) + LENGTH (RAM))
                0x20041000                        __StackOneTop = (ORIGIN (SCRATCH_X) + LENGTH (SCRATCH_X))
                0x20042000                        __StackTop = (ORIGIN (SCRATCH_Y) + LENGTH (SCRATCH_Y))
                0x20041000                        __StackOneBottom = (__StackOneTop - SIZEOF (.stack1_dummy))
                0x20041800                        __StackBottom = (__StackTop - SIZEOF (.stack_dummy))
                0x20042000                        PROVIDE (__stack = __StackTop)
                [!provide]                        PROVIDE (__heap_start = __end__)
                [!provide]                        PROVIDE (__heap_end = __HeapLimit)
                [!provide]                        PROVIDE (__tls_align = MAX (ALIGNOF (.tdata), ALIGNOF (.tbss)))
                [!provide]                        PROVIDE (__tls_size_align = (((__tls_size + __tls_align) - 0x1) & ~ ((__tls_align - 0x1))))
                [!provide]                        PROVIDE (__arm32_tls_tcb_offset = MAX (0x8, __tls_align))
                [!provide]                        PROVIDE (_end = __end__)
                [!provide]                        PROVIDE (__llvm_libc_heap_limit = __HeapLimit)
                0x00000001                        ASSERT ((__StackLimit >= __HeapLimit), region RAM overflowed)
                0x00000001                        ASSERT (((__binary_info_header_end - __logical_binary_start) <= 0x100), Binary info must be in first 256 bytes of the binary)
LOAD CMakeFiles/blink.dir/main.c.obj
LOAD CMakeFiles/blink.dir/buttons_calibrations.c.obj
LOAD CMakeFiles/blink.dir/lora_communication.c.obj
LOAD CMakeFiles/blink.dir/queue_funct.c.obj
LOAD CMakeFiles/blink.dir/C_/pico/pico-sdk/src/rp2_common/pico_stdlib/stdlib.c.obj
LOAD CMakeFiles/blink.dir/C_/pico/pico-sdk/src/rp2_common/hardware_gpio/gpio.c.obj
LOAD CMakeFiles/blink.dir/C_/pico/pico-sdk/src/rp2040/pico_platform/platform.c.obj
LOAD CMakeFiles/blink.dir/C_/pico/pico-sdk/src/rp2_common/pico_platform_common/common.c.obj
LOAD CMakeFiles/blink.dir/C_/pico/pico-sdk/src/rp2_common/pico_platform_panic/panic.c.obj
LOAD CMakeFiles/blink.dir/C_/pico/pico-sdk/src/common/hardware_claim/claim.c.obj
LOAD CMakeFiles/blink.dir/C_/pico/pico-sdk/src/rp2_common/hardware_sync/sync.c.obj
LOAD CMakeFiles/blink.dir/C_/pico/pico-sdk/src/rp2_common/hardware_sync_spin_lock/sync_spin_lock.c.obj
LOAD CMakeFiles/blink.dir/C_/pico/pico-sdk/src/rp2_common/hardware_irq/irq.c.obj
LOAD CMakeFiles/blink.dir/C_/pico/pico-sdk/src/rp2_common/hardware_irq/irq_handler_chain.S.obj
LOAD CMakeFiles/blink.dir/C_/pico/pico-sdk/src/common/pico_sync/sem.c.obj
LOAD CMakeFiles/blink.dir/C_/pico/pico-sdk/src/common/pico_sync/lock_core.c.obj
LOAD CMakeFiles/blink.dir/C_/pico/pico-sdk/src/common/pico_sync/mutex.c.obj
LOAD CMakeFiles/blink.dir/C_/pico/pico-sdk/src/common/pico_sync/critical_section.c.obj
LOAD CMakeFiles/blink.dir/C_/pico/pico-sdk/src/common/pico_time/time.c.obj
LOAD CMakeFiles/blink.dir/C_/pico/pico-sdk/src/common/pico_time/timeout_helper.c.obj
LOAD CMakeFiles/blink.dir/C_/pico/pico-sdk/src/rp2_common/hardware_timer/timer.c.obj
LOAD CMakeFiles/blink.dir/C_/pico/pico-sdk/src/common/pico_util/datetime.c.obj
LOAD CMakeFiles/blink.dir/C_/pico/pico-sdk/src/common/pico_util/pheap.c.obj
LOAD CMakeFiles/blink.dir/C_/pico/pico-sdk/src/common/pico_util/queue.c.obj
LOAD CMakeFiles/blink.dir/C_/pico/pico-sdk/src/rp2_common/hardware_uart/uart.c.obj
LOAD CMakeFiles/blink.dir/C_/pico/pico-sdk/src/rp2_common/hardware_clocks/clocks.c.obj
LOAD CMakeFiles/blink.dir/C_/pico/pico-sdk/src/rp2_common/hardware_pll/pll.c.obj
LOAD CMakeFiles/blink.dir/C_/pico/pico-sdk/src/rp2_common/hardware_vreg/vreg.c.obj
LOAD CMakeFiles/blink.dir/C_/pico/pico-sdk/src/rp2_common/hardware_watchdog/watchdog.c.obj
LOAD CMakeFiles/blink.dir/C_/pico/pico-sdk/src/rp2_common/hardware_ticks/ticks.c.obj
LOAD CMakeFiles/blink.dir/C_/pico/pico-sdk/src/rp2_common/pico_bootrom/bootrom.c.obj
LOAD CMakeFiles/blink.dir/C_/pico/pico-sdk/src/rp2_common/pico_bootrom/bootrom_lock.c.obj
LOAD CMakeFiles/blink.dir/C_/pico/pico-sdk/src/rp2_common/hardware_boot_lock/boot_lock.c.obj
LOAD CMakeFiles/blink.dir/C_/pico/pico-sdk/src/rp2_common/pico_flash/flash.c.obj
LOAD CMakeFiles/blink.dir/C_/pico/pico-sdk/src/rp2_common/hardware_xosc/xosc.c.obj
LOAD CMakeFiles/blink.dir/C_/pico/pico-sdk/src/rp2_common/hardware_divider/divider.S.obj
LOAD CMakeFiles/blink.dir/C_/pico/pico-sdk/src/rp2_common/pico_runtime/runtime.c.obj
LOAD CMakeFiles/blink.dir/C_/pico/pico-sdk/src/rp2_common/pico_runtime_init/runtime_init.c.obj
LOAD CMakeFiles/blink.dir/C_/pico/pico-sdk/src/rp2_common/pico_runtime_init/runtime_init_clocks.c.obj
LOAD CMakeFiles/blink.dir/C_/pico/pico-sdk/src/rp2_common/pico_runtime_init/runtime_init_stack_guard.c.obj
LOAD CMakeFiles/blink.dir/C_/pico/pico-sdk/src/rp2_common/pico_bit_ops/bit_ops_aeabi.S.obj
LOAD CMakeFiles/blink.dir/C_/pico/pico-sdk/src/rp2_common/pico_divider/divider_hardware.S.obj
LOAD CMakeFiles/blink.dir/C_/pico/pico-sdk/src/rp2_common/pico_double/double_aeabi_rp2040.S.obj
LOAD CMakeFiles/blink.dir/C_/pico/pico-sdk/src/rp2_common/pico_double/double_init_rom_rp2040.c.obj
LOAD CMakeFiles/blink.dir/C_/pico/pico-sdk/src/rp2_common/pico_double/double_math.c.obj
LOAD CMakeFiles/blink.dir/C_/pico/pico-sdk/src/rp2_common/pico_double/double_v1_rom_shim_rp2040.S.obj
LOAD CMakeFiles/blink.dir/C_/pico/pico-sdk/src/rp2_common/pico_int64_ops/pico_int64_ops_aeabi.S.obj
LOAD CMakeFiles/blink.dir/C_/pico/pico-sdk/src/rp2_common/pico_float/float_aeabi_rp2040.S.obj
LOAD CMakeFiles/blink.dir/C_/pico/pico-sdk/src/rp2_common/pico_float/float_init_rom_rp2040.c.obj
LOAD CMakeFiles/blink.dir/C_/pico/pico-sdk/src/rp2_common/pico_float/float_math.c.obj
LOAD CMakeFiles/blink.dir/C_/pico/pico-sdk/src/rp2_common/pico_float/float_v1_rom_shim_rp2040.S.obj
LOAD CMakeFiles/blink.dir/C_/pico/pico-sdk/src/rp2_common/pico_malloc/malloc.c.obj
LOAD CMakeFiles/blink.dir/C_/pico/pico-sdk/src/rp2_common/pico_mem_ops/mem_ops_aeabi.S.obj
LOAD CMakeFiles/blink.dir/C_/pico/pico-sdk/src/rp2_common/pico_atomic/atomic.c.obj
LOAD CMakeFiles/blink.dir/C_/pico/pico-sdk/src/rp2_common/pico_cxx_options/new_delete.cpp.obj
LOAD CMakeFiles/blink.dir/C_/pico/pico-sdk/src/rp2_common/pico_standard_binary_info/standard_binary_info.c.obj
LOAD CMakeFiles/blink.dir/C_/pico/pico-sdk/src/rp2_common/pico_printf/printf.c.obj
LOAD CMakeFiles/blink.dir/C_/pico/pico-sdk/src/rp2_common/pico_crt0/crt0.S.obj
LOAD CMakeFiles/blink.dir/C_/pico/pico-sdk/src/rp2_common/pico_clib_interface/newlib_interface.c.obj
LOAD CMakeFiles/blink.dir/C_/pico/pico-sdk/src/rp2_common/pico_stdio/stdio.c.obj
LOAD CMakeFiles/blink.dir/C_/pico/pico-sdk/src/rp2_common/pico_stdio_uart/stdio_uart.c.obj
LOAD pico-sdk/src/rp2040/boot_stage2/CMakeFiles/bs2_default_library.dir/./bs2_default_padded_checksummed.S.obj
LOAD C:/PROGRA~2/ARMGNU~1/133167~1.3RE/bin/../lib/gcc/arm-none-eabi/13.3.1/thumb/v6-m/nofp\libstdc++.a
LOAD C:/PROGRA~2/ARMGNU~1/133167~1.3RE/bin/../lib/gcc/arm-none-eabi/13.3.1/thumb/v6-m/nofp\libm.a
START GROUP
LOAD C:/PROGRA~2/ARMGNU~1/133167~1.3RE/bin/../lib/gcc/arm-none-eabi/13.3.1/thumb/v6-m/nofp\libgcc.a
LOAD C:/PROGRA~2/ARMGNU~1/133167~1.3RE/bin/../lib/gcc/arm-none-eabi/13.3.1/thumb/v6-m/nofp\libg.a
LOAD C:/PROGRA~2/ARMGNU~1/133167~1.3RE/bin/../lib/gcc/arm-none-eabi/13.3.1/thumb/v6-m/nofp\libc.a
END GROUP
START GROUP
LOAD C:/PROGRA~2/ARMGNU~1/133167~1.3RE/bin/../lib/gcc/arm-none-eabi/13.3.1/thumb/v6-m/nofp\libgcc.a
LOAD C:/PROGRA~2/ARMGNU~1/133167~1.3RE/bin/../lib/gcc/arm-none-eabi/13.3.1/thumb/v6-m/nofp\libc.a
LOAD C:/PROGRA~2/ARMGNU~1/133167~1.3RE/bin/../lib/gcc/arm-none-eabi/13.3.1/thumb/v6-m/nofp\libnosys.a
END GROUP
LOAD C:/PROGRA~2/ARMGNU~1/133167~1.3RE/bin/../lib/gcc/arm-none-eabi/13.3.1/thumb/v6-m/nofp/crtend.o
LOAD C:/PROGRA~2/ARMGNU~1/133167~1.3RE/bin/../lib/gcc/arm-none-eabi/13.3.1/thumb/v6-m/nofp/crtn.o
OUTPUT(blink.elf elf32-littlearm)
LOAD linker stubs

.ARM.attributes
                0x00000000       0x28
 .ARM.attributes
                0x00000000       0x1e C:/PROGRA~2/ARMGNU~1/133167~1.3RE/bin/../lib/gcc/arm-none-eabi/13.3.1/thumb/v6-m/nofp/crti.o
 .ARM.attributes
                0x0000001e       0x2c C:/PROGRA~2/ARMGNU~1/133167~1.3RE/bin/../lib/gcc/arm-none-eabi/13.3.1/thumb/v6-m/nofp/crtbegin.o
 .ARM.attributes
                0x0000004a       0x2c CMakeFiles/blink.dir/main.c.obj
 .ARM.attributes
                0x00000076       0x2c CMakeFiles/blink.dir/buttons_calibrations.c.obj
 .ARM.attributes
                0x000000a2       0x2c CMakeFiles/blink.dir/lora_communication.c.obj
 .ARM.attributes
                0x000000ce       0x2c CMakeFiles/blink.dir/queue_funct.c.obj
 .ARM.attributes
                0x000000fa       0x2c CMakeFiles/blink.dir/C_/pico/pico-sdk/src/rp2_common/hardware_gpio/gpio.c.obj
 .ARM.attributes
                0x00000126       0x2c CMakeFiles/blink.dir/C_/pico/pico-sdk/src/rp2_common/pico_platform_panic/panic.c.obj
 .ARM.attributes
                0x00000152       0x2c CMakeFiles/blink.dir/C_/pico/pico-sdk/src/common/hardware_claim/claim.c.obj
 .ARM.attributes
                0x0000017e       0x2c CMakeFiles/blink.dir/C_/pico/pico-sdk/src/rp2_common/hardware_sync/sync.c.obj
 .ARM.attributes
                0x000001aa       0x2c CMakeFiles/blink.dir/C_/pico/pico-sdk/src/rp2_common/hardware_sync_spin_lock/sync_spin_lock.c.obj
 .ARM.attributes
                0x000001d6       0x2c CMakeFiles/blink.dir/C_/pico/pico-sdk/src/rp2_common/hardware_irq/irq.c.obj
 .ARM.attributes
                0x00000202       0x22 CMakeFiles/blink.dir/C_/pico/pico-sdk/src/rp2_common/hardware_irq/irq_handler_chain.S.obj
 .ARM.attributes
                0x00000224       0x2c CMakeFiles/blink.dir/C_/pico/pico-sdk/src/common/pico_sync/lock_core.c.obj
 .ARM.attributes
                0x00000250       0x2c CMakeFiles/blink.dir/C_/pico/pico-sdk/src/common/pico_sync/mutex.c.obj
 .ARM.attributes
                0x0000027c       0x2c CMakeFiles/blink.dir/C_/pico/pico-sdk/src/common/pico_time/time.c.obj
 .ARM.attributes
                0x000002a8       0x2c CMakeFiles/blink.dir/C_/pico/pico-sdk/src/rp2_common/hardware_timer/timer.c.obj
 .ARM.attributes
                0x000002d4       0x2c CMakeFiles/blink.dir/C_/pico/pico-sdk/src/common/pico_util/queue.c.obj
 .ARM.attributes
                0x00000300       0x2c CMakeFiles/blink.dir/C_/pico/pico-sdk/src/rp2_common/hardware_uart/uart.c.obj
 .ARM.attributes
                0x0000032c       0x2c CMakeFiles/blink.dir/C_/pico/pico-sdk/src/rp2_common/hardware_clocks/clocks.c.obj
 .ARM.attributes
                0x00000358       0x2c CMakeFiles/blink.dir/C_/pico/pico-sdk/src/rp2_common/hardware_pll/pll.c.obj
 .ARM.attributes
                0x00000384       0x2c CMakeFiles/blink.dir/C_/pico/pico-sdk/src/rp2_common/hardware_ticks/ticks.c.obj
 .ARM.attributes
                0x000003b0       0x2c CMakeFiles/blink.dir/C_/pico/pico-sdk/src/rp2_common/pico_bootrom/bootrom.c.obj
 .ARM.attributes
                0x000003dc       0x2c CMakeFiles/blink.dir/C_/pico/pico-sdk/src/rp2_common/hardware_xosc/xosc.c.obj
 .ARM.attributes
                0x00000408       0x2c CMakeFiles/blink.dir/C_/pico/pico-sdk/src/rp2_common/pico_runtime/runtime.c.obj
 .ARM.attributes
                0x00000434       0x2c CMakeFiles/blink.dir/C_/pico/pico-sdk/src/rp2_common/pico_runtime_init/runtime_init.c.obj
 .ARM.attributes
                0x00000460       0x2c CMakeFiles/blink.dir/C_/pico/pico-sdk/src/rp2_common/pico_runtime_init/runtime_init_clocks.c.obj
 .ARM.attributes
                0x0000048c       0x22 CMakeFiles/blink.dir/C_/pico/pico-sdk/src/rp2_common/pico_bit_ops/bit_ops_aeabi.S.obj
 .ARM.attributes
                0x000004ae       0x22 CMakeFiles/blink.dir/C_/pico/pico-sdk/src/rp2_common/pico_divider/divider_hardware.S.obj
 .ARM.attributes
                0x000004d0       0x22 CMakeFiles/blink.dir/C_/pico/pico-sdk/src/rp2_common/pico_double/double_aeabi_rp2040.S.obj
 .ARM.attributes
                0x000004f2       0x2c CMakeFiles/blink.dir/C_/pico/pico-sdk/src/rp2_common/pico_double/double_init_rom_rp2040.c.obj
 .ARM.attributes
                0x0000051e       0x22 CMakeFiles/blink.dir/C_/pico/pico-sdk/src/rp2_common/pico_double/double_v1_rom_shim_rp2040.S.obj
 .ARM.attributes
                0x00000540       0x22 CMakeFiles/blink.dir/C_/pico/pico-sdk/src/rp2_common/pico_int64_ops/pico_int64_ops_aeabi.S.obj
 .ARM.attributes
                0x00000562       0x22 CMakeFiles/blink.dir/C_/pico/pico-sdk/src/rp2_common/pico_float/float_aeabi_rp2040.S.obj
 .ARM.attributes
                0x00000584       0x2c CMakeFiles/blink.dir/C_/pico/pico-sdk/src/rp2_common/pico_float/float_init_rom_rp2040.c.obj
 .ARM.attributes
                0x000005b0       0x2c CMakeFiles/blink.dir/C_/pico/pico-sdk/src/rp2_common/pico_malloc/malloc.c.obj
 .ARM.attributes
                0x000005dc       0x22 CMakeFiles/blink.dir/C_/pico/pico-sdk/src/rp2_common/pico_mem_ops/mem_ops_aeabi.S.obj
 .ARM.attributes
                0x000005fe       0x2c CMakeFiles/blink.dir/C_/pico/pico-sdk/src/rp2_common/pico_standard_binary_info/standard_binary_info.c.obj
 .ARM.attributes
                0x0000062a       0x2c CMakeFiles/blink.dir/C_/pico/pico-sdk/src/rp2_common/pico_printf/printf.c.obj
 .ARM.attributes
                0x00000656       0x22 CMakeFiles/blink.dir/C_/pico/pico-sdk/src/rp2_common/pico_crt0/crt0.S.obj
 .ARM.attributes
                0x00000678       0x2c CMakeFiles/blink.dir/C_/pico/pico-sdk/src/rp2_common/pico_clib_interface/newlib_interface.c.obj
 .ARM.attributes
                0x000006a4       0x2c CMakeFiles/blink.dir/C_/pico/pico-sdk/src/rp2_common/pico_stdio/stdio.c.obj
 .ARM.attributes
                0x000006d0       0x2c CMakeFiles/blink.dir/C_/pico/pico-sdk/src/rp2_common/pico_stdio_uart/stdio_uart.c.obj
 .ARM.attributes
                0x000006fc       0x22 pico-sdk/src/rp2040/boot_stage2/CMakeFiles/bs2_default_library.dir/./bs2_default_padded_checksummed.S.obj
 .ARM.attributes
                0x0000071e       0x1e C:/PROGRA~2/ARMGNU~1/133167~1.3RE/bin/../lib/gcc/arm-none-eabi/13.3.1/thumb/v6-m/nofp\libgcc.a(_dvmd_tls.o)
 .ARM.attributes
                0x0000073c       0x2c C:/PROGRA~2/ARMGNU~1/133167~1.3RE/bin/../lib/gcc/arm-none-eabi/13.3.1/thumb/v6-m/nofp\libg.a(libc_a-calloc.o)
 .ARM.attributes
                0x00000768       0x2c C:/PROGRA~2/ARMGNU~1/133167~1.3RE/bin/../lib/gcc/arm-none-eabi/13.3.1/thumb/v6-m/nofp\libg.a(libc_a-callocr.o)
 .ARM.attributes
                0x00000794       0x2c C:/PROGRA~2/ARMGNU~1/133167~1.3RE/bin/../lib/gcc/arm-none-eabi/13.3.1/thumb/v6-m/nofp\libg.a(libc_a-mallocr.o)
 .ARM.attributes
                0x000007c0       0x2c C:/PROGRA~2/ARMGNU~1/133167~1.3RE/bin/../lib/gcc/arm-none-eabi/13.3.1/thumb/v6-m/nofp\libg.a(libc_a-mlock.o)
 .ARM.attributes
                0x000007ec       0x2c C:/PROGRA~2/ARMGNU~1/133167~1.3RE/bin/../lib/gcc/arm-none-eabi/13.3.1/thumb/v6-m/nofp\libg.a(libc_a-memcmp.o)
 .ARM.attributes
                0x00000818       0x2c C:/PROGRA~2/ARMGNU~1/133167~1.3RE/bin/../lib/gcc/arm-none-eabi/13.3.1/thumb/v6-m/nofp\libg.a(libc_a-strstr.o)
 .ARM.attributes
                0x00000844       0x2c C:/PROGRA~2/ARMGNU~1/133167~1.3RE/bin/../lib/gcc/arm-none-eabi/13.3.1/thumb/v6-m/nofp\libg.a(libc_a-impure.o)
 .ARM.attributes
                0x00000870       0x2c C:/PROGRA~2/ARMGNU~1/133167~1.3RE/bin/../lib/gcc/arm-none-eabi/13.3.1/thumb/v6-m/nofp\libg.a(libc_a-sbrkr.o)
 .ARM.attributes
                0x0000089c       0x2c C:/PROGRA~2/ARMGNU~1/133167~1.3RE/bin/../lib/gcc/arm-none-eabi/13.3.1/thumb/v6-m/nofp\libg.a(libc_a-errno.o)
 .ARM.attributes
                0x000008c8       0x2c C:/PROGRA~2/ARMGNU~1/133167~1.3RE/bin/../lib/gcc/arm-none-eabi/13.3.1/thumb/v6-m/nofp\libg.a(libc_a-lock.o)
 .ARM.attributes
                0x000008f4       0x2c C:/PROGRA~2/ARMGNU~1/133167~1.3RE/bin/../lib/gcc/arm-none-eabi/13.3.1/thumb/v6-m/nofp\libg.a(libc_a-sysconf.o)
 .ARM.attributes
                0x00000920       0x2c C:/PROGRA~2/ARMGNU~1/133167~1.3RE/bin/../lib/gcc/arm-none-eabi/13.3.1/thumb/v6-m/nofp\libg.a(libc_a-strlen-stub.o)
 .ARM.attributes
                0x0000094c       0x2c C:/PROGRA~2/ARMGNU~1/133167~1.3RE/bin/../lib/gcc/arm-none-eabi/13.3.1/thumb/v6-m/nofp\libg.a(libc_a-freer.o)
 .ARM.attributes
                0x00000978       0x2c C:/PROGRA~2/ARMGNU~1/133167~1.3RE/bin/../lib/gcc/arm-none-eabi/13.3.1/thumb/v6-m/nofp\libg.a(libc_a-findfp.o)
 .ARM.attributes
                0x000009a4       0x2c C:/PROGRA~2/ARMGNU~1/133167~1.3RE/bin/../lib/gcc/arm-none-eabi/13.3.1/thumb/v6-m/nofp\libg.a(libc_a-strchr.o)
 .ARM.attributes
                0x000009d0       0x2c C:/PROGRA~2/ARMGNU~1/133167~1.3RE/bin/../lib/gcc/arm-none-eabi/13.3.1/thumb/v6-m/nofp\libg.a(libc_a-strnlen.o)
 .ARM.attributes
                0x000009fc       0x2c C:/PROGRA~2/ARMGNU~1/133167~1.3RE/bin/../lib/gcc/arm-none-eabi/13.3.1/thumb/v6-m/nofp\libg.a(libc_a-reent.o)
 .ARM.attributes
                0x00000a28       0x2c C:/PROGRA~2/ARMGNU~1/133167~1.3RE/bin/../lib/gcc/arm-none-eabi/13.3.1/thumb/v6-m/nofp/crtend.o

.comment        0x00000000       0x45
 .comment       0x00000000       0x45 CMakeFiles/blink.dir/main.c.obj
                                 0x46 (size before relaxing)
 .comment       0x00000045       0x46 CMakeFiles/blink.dir/buttons_calibrations.c.obj
 .comment       0x00000045       0x46 CMakeFiles/blink.dir/lora_communication.c.obj
 .comment       0x00000045       0x46 CMakeFiles/blink.dir/queue_funct.c.obj
 .comment       0x00000045       0x46 CMakeFiles/blink.dir/C_/pico/pico-sdk/src/rp2_common/hardware_gpio/gpio.c.obj
 .comment       0x00000045       0x46 CMakeFiles/blink.dir/C_/pico/pico-sdk/src/rp2_common/pico_platform_panic/panic.c.obj
 .comment       0x00000045       0x46 CMakeFiles/blink.dir/C_/pico/pico-sdk/src/common/hardware_claim/claim.c.obj
 .comment       0x00000045       0x46 CMakeFiles/blink.dir/C_/pico/pico-sdk/src/rp2_common/hardware_sync/sync.c.obj
 .comment       0x00000045       0x46 CMakeFiles/blink.dir/C_/pico/pico-sdk/src/rp2_common/hardware_sync_spin_lock/sync_spin_lock.c.obj
 .comment       0x00000045       0x46 CMakeFiles/blink.dir/C_/pico/pico-sdk/src/rp2_common/hardware_irq/irq.c.obj
 .comment       0x00000045       0x46 CMakeFiles/blink.dir/C_/pico/pico-sdk/src/common/pico_sync/lock_core.c.obj
 .comment       0x00000045       0x46 CMakeFiles/blink.dir/C_/pico/pico-sdk/src/common/pico_sync/mutex.c.obj
 .comment       0x00000045       0x46 CMakeFiles/blink.dir/C_/pico/pico-sdk/src/common/pico_time/time.c.obj
 .comment       0x00000045       0x46 CMakeFiles/blink.dir/C_/pico/pico-sdk/src/rp2_common/hardware_timer/timer.c.obj
 .comment       0x00000045       0x46 CMakeFiles/blink.dir/C_/pico/pico-sdk/src/common/pico_util/queue.c.obj
 .comment       0x00000045       0x46 CMakeFiles/blink.dir/C_/pico/pico-sdk/src/rp2_common/hardware_uart/uart.c.obj
 .comment       0x00000045       0x46 CMakeFiles/blink.dir/C_/pico/pico-sdk/src/rp2_common/hardware_clocks/clocks.c.obj
 .comment       0x00000045       0x46 CMakeFiles/blink.dir/C_/pico/pico-sdk/src/rp2_common/hardware_pll/pll.c.obj
 .comment       0x00000045       0x46 CMakeFiles/blink.dir/C_/pico/pico-sdk/src/rp2_common/hardware_ticks/ticks.c.obj
 .comment       0x00000045       0x46 CMakeFiles/blink.dir/C_/pico/pico-sdk/src/rp2_common/pico_bootrom/bootrom.c.obj
 .comment       0x00000045       0x46 CMakeFiles/blink.dir/C_/pico/pico-sdk/src/rp2_common/hardware_xosc/xosc.c.obj
 .comment       0x00000045       0x46 CMakeFiles/blink.dir/C_/pico/pico-sdk/src/rp2_common/pico_runtime/runtime.c.obj
 .comment       0x00000045       0x46 CMakeFiles/blink.dir/C_/pico/pico-sdk/src/rp2_common/pico_runtime_init/runtime_init.c.obj
 .comment       0x00000045       0x46 CMakeFiles/blink.dir/C_/pico/pico-sdk/src/rp2_common/pico_runtime_init/runtime_init_clocks.c.obj
 .comment       0x00000045       0x46 CMakeFiles/blink.dir/C_/pico/pico-sdk/src/rp2_common/pico_double/double_init_rom_rp2040.c.obj
 .comment       0x00000045       0x46 CMakeFiles/blink.dir/C_/pico/pico-sdk/src/rp2_common/pico_float/float_init_rom_rp2040.c.obj
 .comment       0x00000045       0x46 CMakeFiles/blink.dir/C_/pico/pico-sdk/src/rp2_common/pico_malloc/malloc.c.obj
 .comment       0x00000045       0x46 CMakeFiles/blink.dir/C_/pico/pico-sdk/src/rp2_common/pico_standard_binary_info/standard_binary_info.c.obj
 .comment       0x00000045       0x46 CMakeFiles/blink.dir/C_/pico/pico-sdk/src/rp2_common/pico_printf/printf.c.obj
 .comment       0x00000045       0x46 CMakeFiles/blink.dir/C_/pico/pico-sdk/src/rp2_common/pico_clib_interface/newlib_interface.c.obj
 .comment       0x00000045       0x46 CMakeFiles/blink.dir/C_/pico/pico-sdk/src/rp2_common/pico_stdio/stdio.c.obj
 .comment       0x00000045       0x46 CMakeFiles/blink.dir/C_/pico/pico-sdk/src/rp2_common/pico_stdio_uart/stdio_uart.c.obj

.debug_info     0x00000000    0x1aa00
 .debug_info    0x00000000     0x126b CMakeFiles/blink.dir/main.c.obj
 .debug_info    0x0000126b      0xe17 CMakeFiles/blink.dir/buttons_calibrations.c.obj
 .debug_info    0x00002082      0xe6f CMakeFiles/blink.dir/lora_communication.c.obj
 .debug_info    0x00002ef1      0x5cb CMakeFiles/blink.dir/queue_funct.c.obj
 .debug_info    0x000034bc     0x1dad CMakeFiles/blink.dir/C_/pico/pico-sdk/src/rp2_common/hardware_gpio/gpio.c.obj